2016-10-07T14:14:48+11:00,127.0.0.1,15,
2016-10-07T14:14:48+11:00,127.0.0.1,6,
2016-10-07T14:14:48+11:00,127.0.0.1,18,
2016-10-07T14:14:48+11:00,127.0.0.1,6,
2016-10-07T14:14:48+11:00,127.0.0.1,58,
2016-10-07T17:58:28+11:00,127.0.0.1,15,
2016-10-07T17:58:28+11:00,127.0.0.1,6,
2016-10-07T17:58:28+11:00,127.0.0.1,18,
2016-10-07T17:58:28+11:00,127.0.0.1,6,
2016-10-07T17:58:30+11:00,127.0.0.1,15,
2016-10-07T17:58:30+11:00,127.0.0.1,6,
2016-10-07T17:58:30+11:00,127.0.0.1,18,
2016-10-07T17:58:30+11:00,127.0.0.1,6,
2016-10-07T17:58:33+11:00,127.0.0.1,15,
2016-10-07T17:58:33+11:00,127.0.0.1,6,
2016-10-07T17:58:33+11:00,127.0.0.1,18,
2016-10-07T17:58:33+11:00,127.0.0.1,6,
2016-10-07T17:58:36+11:00,127.0.0.1,15,
2016-10-07T17:58:36+11:00,127.0.0.1,6,
2016-10-07T17:58:36+11:00,127.0.0.1,18,
2016-10-07T17:58:36+11:00,127.0.0.1,6,
2016-10-07T17:58:39+11:00,127.0.0.1,15,
2016-10-07T17:58:39+11:00,127.0.0.1,6,
2016-10-07T17:58:39+11:00,127.0.0.1,18,
2016-10-07T17:58:39+11:00,127.0.0.1,6,
2016-10-07T17:58:41+11:00,127.0.0.1,15,
2016-10-07T17:58:41+11:00,127.0.0.1,6,
2016-10-07T17:58:41+11:00,127.0.0.1,18,
2016-10-07T17:58:41+11:00,127.0.0.1,6,
2016-10-07T17:58:46+11:00,127.0.0.1,15,
2016-10-07T17:58:46+11:00,127.0.0.1,6,
2016-10-07T17:58:46+11:00,127.0.0.1,18,
2016-10-07T17:58:46+11:00,127.0.0.1,6,
2016-10-07T17:58:46+11:00,127.0.0.1,58,
2016-10-07T17:59:37+11:00,127.0.0.1,15,
2016-10-07T17:59:37+11:00,127.0.0.1,6,
2016-10-07T17:59:37+11:00,127.0.0.1,18,
2016-10-07T17:59:37+11:00,127.0.0.1,6,
2016-10-07T17:59:37+11:00,127.0.0.1,58,
2016-10-07T18:01:03+11:00,127.0.0.1,15,
2016-10-07T18:01:03+11:00,127.0.0.1,6,
2016-10-07T18:01:03+11:00,127.0.0.1,18,
2016-10-07T18:01:03+11:00,127.0.0.1,6,
2016-10-07T18:01:03+11:00,127.0.0.1,58,
2016-10-07T18:02:12+11:00,127.0.0.1,15,
2016-10-07T18:02:12+11:00,127.0.0.1,6,
2016-10-07T18:02:12+11:00,127.0.0.1,18,
2016-10-07T18:02:12+11:00,127.0.0.1,6,
2016-10-07T18:02:12+11:00,127.0.0.1,58,
2016-10-07T18:02:57+11:00,127.0.0.1,6,
2016-10-07T18:02:57+11:00,127.0.0.1,15,
2016-10-07T18:02:57+11:00,127.0.0.1,15,
2016-10-07T18:02:57+11:00,127.0.0.1,6,
2016-10-07T18:02:57+11:00,127.0.0.1,6,
2016-10-07T18:02:57+11:00,127.0.0.1,18,
2016-10-07T18:02:57+11:00,127.0.0.1,6,
2016-10-07T18:02:57+11:00,127.0.0.1,58,
2016-10-07T18:02:57+11:00,8.8.8.8,43,
2016-10-07T18:05:51+11:00,127.0.0.1,15,
2016-10-07T18:05:51+11:00,127.0.0.1,6,
2016-10-07T18:05:51+11:00,127.0.0.1,18,
2016-10-07T18:05:51+11:00,127.0.0.1,64,
2016-10-07T18:06:55+11:00,127.0.0.1,15,
2016-10-07T18:06:55+11:00,127.0.0.1,6,
2016-10-07T18:06:55+11:00,127.0.0.1,18,
2016-10-07T18:06:55+11:00,127.0.0.1,6,
2016-10-07T18:06:57+11:00,127.0.0.1,15,
2016-10-07T18:06:57+11:00,127.0.0.1,6,
2016-10-07T18:06:57+11:00,127.0.0.1,18,
2016-10-07T18:06:57+11:00,127.0.0.1,6,
2016-10-07T18:06:57+11:00,127.0.0.1,58,
2016-10-07T18:21:21+11:00,127.0.0.1,15,
2016-10-07T18:21:21+11:00,127.0.0.1,6,
2016-10-07T18:21:21+11:00,127.0.0.1,18,
2016-10-07T18:21:21+11:00,127.0.0.1,6,
2016-10-07T18:21:21+11:00,127.0.0.1,58,
2016-10-07T18:21:36+11:00,127.0.0.1,15,
2016-10-07T18:21:36+11:00,127.0.0.1,6,
2016-10-07T18:21:36+11:00,127.0.0.1,18,
2016-10-07T18:21:36+11:00,127.0.0.1,6,
2016-10-07T18:21:36+11:00,127.0.0.1,58,
2016-10-07T18:21:44+11:00,127.0.0.1,15,
2016-10-07T18:21:44+11:00,127.0.0.1,6,
2016-10-07T18:21:44+11:00,127.0.0.1,18,
2016-10-07T18:21:44+11:00,127.0.0.1,6,
2016-10-07T18:21:44+11:00,127.0.0.1,58,
2016-10-07T19:00:51+11:00,127.0.0.1,6,
2016-10-07T19:00:51+11:00,127.0.0.1,15,
2016-10-07T19:00:51+11:00,127.0.0.1,15,
2016-10-07T19:00:51+11:00,127.0.0.1,6,
2016-10-07T19:00:51+11:00,127.0.0.1,6,
2016-10-07T19:00:51+11:00,127.0.0.1,18,
2016-10-07T19:00:51+11:00,127.0.0.1,6,
2016-10-07T19:00:51+11:00,8.8.8.8,43,
2016-10-07T19:06:19+11:00,127.0.0.1,6,
2016-10-07T19:06:19+11:00,127.0.0.1,15,
2016-10-07T19:06:19+11:00,127.0.0.1,15,
2016-10-07T19:06:19+11:00,8.8.8.8,43,
2016-10-07T19:07:56+11:00,127.0.0.1,6,
2016-10-07T19:07:56+11:00,127.0.0.1,15,
2016-10-07T19:07:56+11:00,127.0.0.1,15,
2016-10-07T19:07:56+11:00,127.0.0.1,6,
2016-10-07T19:07:56+11:00,8.8.8.8,43,
2016-10-07T19:10:44+11:00,127.0.0.1,6,
2016-10-07T19:10:44+11:00,127.0.0.1,15,
2016-10-07T19:10:44+11:00,127.0.0.1,15,
2016-10-07T19:10:45+11:00,8.8.8.8,43,
2016-10-07T19:50:22+11:00,192.168.1.184,1337,
2016-10-07T19:51:34+11:00,192.168.1.184,1337,
2016-10-07T19:52:14+11:00,192.168.1.184,1337,
2016-10-07T19:54:09+11:00,192.168.1.184,1337,
2016-10-07T19:54:09+11:00,192.168.1.184,1337,
2016-10-07T19:54:09+11:00,192.168.1.184,1337,
2016-10-07T19:54:09+11:00,192.168.1.184,1337,
2016-10-07T19:54:09+11:00,192.168.1.184,1337,
2016-10-07T19:54:09+11:00,192.168.1.184,1337,
2016-10-07T19:54:09+11:00,192.168.1.184,1337,
2016-10-07T19:54:20+11:00,192.168.1.184,1337,
2016-10-07T19:54:20+11:00,192.168.1.184,1337,
2016-10-07T19:54:20+11:00,192.168.1.184,1337,
2016-10-07T19:54:20+11:00,192.168.1.184,1337,
2016-10-07T19:54:20+11:00,192.168.1.184,1337,
2016-10-07T19:54:20+11:00,192.168.1.184,1337,
2016-10-07T19:54:20+11:00,192.168.1.184,1337,
2016-10-07T19:54:20+11:00,192.168.1.184,640,
2016-10-07T19:55:26+11:00,192.168.1.184,1337,
2016-10-07T19:55:26+11:00,192.168.1.184,1337,
2016-10-07T19:55:26+11:00,192.168.1.184,1337,
2016-10-07T19:55:26+11:00,192.168.1.184,1337,
2016-10-07T19:55:26+11:00,192.168.1.184,1337,
2016-10-07T19:55:26+11:00,192.168.1.184,1337,
2016-10-07T19:55:26+11:00,192.168.1.184,1337,
2016-10-07T19:55:26+11:00,192.168.1.184,640,
2016-10-07T19:56:00+11:00,192.168.1.184,1337,
2016-10-07T19:56:00+11:00,192.168.1.184,1337,
2016-10-07T19:56:00+11:00,192.168.1.184,1337,
2016-10-07T19:56:00+11:00,192.168.1.184,1337,
2016-10-07T19:56:00+11:00,192.168.1.184,1337,
2016-10-07T19:56:00+11:00,192.168.1.184,1337,
2016-10-07T19:56:00+11:00,192.168.1.184,1337,
2016-10-07T19:56:00+11:00,192.168.1.184,640,
2016-10-07T19:56:08+11:00,192.168.1.184,1337,
2016-10-07T19:56:08+11:00,192.168.1.184,1337,
2016-10-07T19:56:08+11:00,192.168.1.184,1337,
2016-10-07T19:56:08+11:00,192.168.1.184,1337,
2016-10-07T19:56:08+11:00,192.168.1.184,1337,
2016-10-07T19:56:08+11:00,192.168.1.184,1337,
2016-10-07T19:56:08+11:00,192.168.1.184,1337,
2016-10-07T19:56:08+11:00,192.168.1.184,640,
2016-10-07T19:57:06+11:00,192.168.1.184,1337,
2016-10-07T19:57:06+11:00,192.168.1.184,1337,
2016-10-07T19:57:06+11:00,192.168.1.184,1337,
2016-10-07T19:57:06+11:00,192.168.1.184,1337,
2016-10-07T19:57:06+11:00,192.168.1.184,1337,
2016-10-07T19:57:06+11:00,192.168.1.184,1337,
2016-10-07T19:57:06+11:00,192.168.1.184,1337,
2016-10-07T19:57:06+11:00,192.168.1.184,640,
2016-10-07T21:18:05+11:00,192.168.1.184,1337,
2016-10-07T21:18:05+11:00,127.0.0.1,6,
2016-10-07T21:18:05+11:00,192.168.1.184,1337,
2016-10-07T21:18:05+11:00,192.168.1.184,1337,
2016-10-07T21:18:05+11:00,192.168.1.184,1337,
2016-10-07T21:18:05+11:00,192.168.1.184,1337,
2016-10-07T21:18:05+11:00,192.168.1.184,1337,
2016-10-07T21:18:05+11:00,192.168.1.184,1337,
2016-10-07T21:18:05+11:00,192.168.1.184,640,
2016-10-07T21:18:05+11:00,127.0.0.1,15,
2016-10-07T21:18:05+11:00,127.0.0.1,6,
2016-10-07T21:18:05+11:00,127.0.0.1,15,
2016-10-07T21:18:05+11:00,127.0.0.1,6,
2016-10-07T21:18:05+11:00,127.0.0.1,18,
2016-10-07T21:18:05+11:00,127.0.0.1,6,
2016-10-07T21:18:05+11:00,8.8.8.8,43,
2016-10-07T21:18:13+11:00,192.168.1.184,1337,
2016-10-07T21:18:13+11:00,127.0.0.1,6,
2016-10-07T21:18:13+11:00,192.168.1.184,1337,
2016-10-07T21:18:13+11:00,192.168.1.184,1337,
2016-10-07T21:18:13+11:00,192.168.1.184,1337,
2016-10-07T21:18:13+11:00,192.168.1.184,1337,
2016-10-07T21:18:13+11:00,192.168.1.184,1337,
2016-10-07T21:18:13+11:00,192.168.1.184,1337,
2016-10-07T21:18:13+11:00,192.168.1.184,640,
2016-10-07T21:18:13+11:00,127.0.0.1,15,
2016-10-07T21:18:13+11:00,127.0.0.1,15,
2016-10-07T21:18:13+11:00,127.0.0.1,6,
2016-10-07T21:18:13+11:00,127.0.0.1,6,
2016-10-07T21:18:13+11:00,127.0.0.1,18,
2016-10-07T21:18:13+11:00,127.0.0.1,6,
2016-10-07T21:18:13+11:00,8.8.8.8,43,
2016-10-07T21:18:24+11:00,127.0.0.1,15,
2016-10-07T21:18:24+11:00,127.0.0.1,6,
2016-10-07T21:18:24+11:00,127.0.0.1,18,
2016-10-07T21:18:24+11:00,127.0.0.1,6,
2016-10-07T21:18:24+11:00,127.0.0.1,58,
2016-10-07T21:18:24+11:00,8.8.8.8,43,
2016-10-07T21:19:25+11:00,127.0.0.1,15,
2016-10-07T21:19:25+11:00,127.0.0.1,6,
2016-10-07T21:19:25+11:00,127.0.0.1,18,
2016-10-07T21:19:25+11:00,127.0.0.1,6,
2016-10-07T21:19:25+11:00,127.0.0.1,58,
2016-10-07T21:19:26+11:00,8.8.8.8,43,
2016-10-07T21:44:30+11:00,8.8.8.8,43,
2016-10-07T21:45:03+11:00,8.8.8.8,43,
2016-10-07T23:00:44+11:00,127.0.0.1,15,
2016-10-07T23:00:44+11:00,127.0.0.1,6,
2016-10-07T23:00:44+11:00,127.0.0.1,18,
2016-10-07T23:00:44+11:00,127.0.0.1,6,
2016-10-07T23:00:53+11:00,127.0.0.1,15,
2016-10-07T23:00:53+11:00,127.0.0.1,6,
2016-10-07T23:00:53+11:00,127.0.0.1,18,
2016-10-07T23:00:53+11:00,127.0.0.1,6,
2016-10-07T23:00:53+11:00,127.0.0.1,58,
2016-10-07T23:00:57+11:00,127.0.0.1,15,
2016-10-07T23:00:57+11:00,127.0.0.1,6,
2016-10-07T23:00:57+11:00,127.0.0.1,18,
2016-10-07T23:00:57+11:00,127.0.0.1,6,
2016-10-07T23:01:02+11:00,127.0.0.1,15,
2016-10-07T23:01:02+11:00,127.0.0.1,6,
2016-10-07T23:01:02+11:00,127.0.0.1,18,
2016-10-07T23:01:02+11:00,127.0.0.1,6,
2016-10-07T23:01:02+11:00,127.0.0.1,58,
2016-10-07T23:01:04+11:00,127.0.0.1,15,
2016-10-07T23:01:04+11:00,127.0.0.1,6,
2016-10-07T23:01:04+11:00,127.0.0.1,18,
2016-10-07T23:01:04+11:00,127.0.0.1,6,
2016-10-07T23:01:20+11:00,127.0.0.1,15,
2016-10-07T23:01:20+11:00,127.0.0.1,6,
2016-10-07T23:01:20+11:00,127.0.0.1,18,
2016-10-07T23:01:20+11:00,127.0.0.1,6,
2016-10-07T23:01:20+11:00,127.0.0.1,58,
2016-10-07T23:01:20+11:00,8.8.8.8,43,
2016-10-07T23:01:48+11:00,127.0.0.1,15,
2016-10-07T23:01:48+11:00,127.0.0.1,6,
2016-10-07T23:01:48+11:00,127.0.0.1,18,
2016-10-07T23:01:48+11:00,127.0.0.1,6,
2016-10-07T23:01:49+11:00,8.8.8.8,43,
2016-10-07T23:03:43+11:00,192.168.1.184,1337,
2016-10-07T23:03:43+11:00,192.168.1.184,1337,
2016-10-07T23:03:43+11:00,192.168.1.184,1337,
2016-10-07T23:03:43+11:00,192.168.1.184,1337,
2016-10-07T23:03:43+11:00,192.168.1.184,1337,
2016-10-07T23:03:43+11:00,192.168.1.184,1337,
2016-10-07T23:03:43+11:00,192.168.1.184,1337,
2016-10-07T23:03:43+11:00,192.168.1.184,640,
2016-10-07T23:04:31+11:00,192.168.1.184,9999,
2016-10-07T23:06:43+11:00,192.168.1.184,9999,
2016-10-07T23:31:48+11:00,192.168.1.184,2048,
2016-10-07T23:34:17+11:00,192.168.1.184,2048,
2016-10-07T23:35:24+11:00,192.168.1.184,2048,
2016-10-07T23:36:23+11:00,192.168.1.184,2048,
2016-10-07T23:37:28+11:00,192.168.1.184,2048,
2016-10-07T23:39:54+11:00,192.168.1.184,2048,
2016-10-07T23:42:22+11:00,192.168.1.184,256,
2016-10-07T23:44:45+11:00,192.168.1.184,2048,
2016-10-07T23:50:02+11:00,192.168.1.184,9999,
2016-10-07T23:51:22+11:00,192.168.1.184,1337,
2016-10-07T23:51:22+11:00,192.168.1.184,1337,
2016-10-07T23:51:22+11:00,192.168.1.184,1337,
2016-10-07T23:51:22+11:00,192.168.1.184,1337,
2016-10-07T23:51:22+11:00,192.168.1.184,1337,
2016-10-07T23:51:22+11:00,192.168.1.184,1337,
2016-10-07T23:51:22+11:00,192.168.1.184,1337,
2016-10-07T23:51:22+11:00,192.168.1.184,640,
2016-10-07T23:52:31+11:00,192.168.1.184,1337,
2016-10-07T23:52:31+11:00,192.168.1.184,1337,
2016-10-07T23:52:31+11:00,192.168.1.184,1337,
2016-10-07T23:52:31+11:00,192.168.1.184,1337,
2016-10-07T23:52:31+11:00,192.168.1.184,1337,
2016-10-07T23:52:31+11:00,192.168.1.184,1337,
2016-10-07T23:52:31+11:00,192.168.1.184,1337,
2016-10-07T23:52:31+11:00,192.168.1.184,640,
2016-10-08T00:00:59+11:00,192.168.1.184,1337,
2016-10-08T00:00:59+11:00,192.168.1.184,1337,
2016-10-08T00:00:59+11:00,192.168.1.184,1337,
2016-10-08T00:00:59+11:00,192.168.1.184,1337,
2016-10-08T00:00:59+11:00,192.168.1.184,1337,
2016-10-08T00:00:59+11:00,192.168.1.184,1337,
2016-10-08T00:00:59+11:00,192.168.1.184,1337,
2016-10-08T00:00:59+11:00,192.168.1.184,640,
2016-10-08T00:01:47+11:00,192.168.1.184,1337,
2016-10-08T00:01:47+11:00,192.168.1.184,1337,
2016-10-08T00:01:47+11:00,192.168.1.184,1337,
2016-10-08T00:01:47+11:00,192.168.1.184,1337,
2016-10-08T00:01:47+11:00,192.168.1.184,1337,
2016-10-08T00:01:47+11:00,192.168.1.184,1337,
2016-10-08T00:01:47+11:00,192.168.1.184,1337,
2016-10-08T00:01:47+11:00,192.168.1.184,640,
2016-10-08T00:01:58+11:00,192.168.1.184,1337,
2016-10-08T00:01:58+11:00,192.168.1.184,1337,
2016-10-08T00:01:58+11:00,192.168.1.184,1337,
2016-10-08T00:01:58+11:00,192.168.1.184,1337,
2016-10-08T00:01:58+11:00,192.168.1.184,1337,
2016-10-08T00:01:58+11:00,192.168.1.184,1337,
2016-10-08T00:01:58+11:00,192.168.1.184,1337,
2016-10-08T00:01:58+11:00,192.168.1.184,640,
2016-10-08T00:43:09+11:00,127.0.0.1,6,
2016-10-08T00:43:09+11:00,127.0.0.1,15,
2016-10-08T00:43:09+11:00,127.0.0.1,15,
2016-10-08T00:43:09+11:00,127.0.0.1,6,
2016-10-08T00:43:09+11:00,127.0.0.1,18,
2016-10-08T00:43:09+11:00,127.0.0.1,6,
2016-10-08T00:44:23+11:00,127.0.0.1,6,
2016-10-08T00:44:23+11:00,127.0.0.1,15,
2016-10-08T00:44:23+11:00,127.0.0.1,15,
2016-10-08T00:44:23+11:00,127.0.0.1,6,
2016-10-08T00:44:23+11:00,127.0.0.1,18,
2016-10-08T00:44:23+11:00,127.0.0.1,6,
2016-10-08T00:44:23+11:00,8.8.8.8,43,
2016-10-08T00:44:54+11:00,127.0.0.1,15,
2016-10-08T00:44:54+11:00,127.0.0.1,6,
2016-10-08T00:45:21+11:00,127.0.0.1,15,
2016-10-08T00:45:21+11:00,127.0.0.1,15,
2016-10-08T00:45:21+11:00,127.0.0.1,6,
2016-10-08T00:45:21+11:00,127.0.0.1,6,
2016-10-08T00:45:21+11:00,127.0.0.1,6,
2016-10-08T00:45:21+11:00,127.0.0.1,18,
2016-10-08T00:45:21+11:00,127.0.0.1,6,
2016-10-08T00:49:28+11:00,127.0.0.1,15,
2016-10-08T00:49:28+11:00,127.0.0.1,6,
2016-10-08T00:54:25+11:00,192.168.1.184,1337,
2016-10-08T00:54:25+11:00,192.168.1.184,1337,
2016-10-08T00:54:56+11:00,192.168.1.184,1337,
2016-10-08T00:54:56+11:00,192.168.1.184,1337,
2016-10-08T00:54:56+11:00,192.168.1.184,1326,
2016-10-08T00:55:41+11:00,192.168.1.184,1337,
2016-10-08T00:55:41+11:00,192.168.1.184,1337,
2016-10-08T00:55:41+11:00,192.168.1.184,1326,
2016-10-08T00:56:06+11:00,192.168.1.184,1337,
2016-10-08T00:56:06+11:00,192.168.1.184,1337,
2016-10-08T00:56:06+11:00,192.168.1.184,1326,
2016-10-08T00:56:59+11:00,192.168.1.184,1337,
2016-10-08T00:56:59+11:00,192.168.1.184,1337,
2016-10-08T00:56:59+11:00,192.168.1.184,1326,
2016-10-08T00:59:47+11:00,192.168.1.184,1337,
2016-10-08T00:59:47+11:00,192.168.1.184,1337,
2016-10-08T00:59:47+11:00,192.168.1.184,1326,
2016-10-08T13:41:46+11:00,192.168.1.184,1337,
2016-10-08T13:41:46+11:00,192.168.1.184,1337,
2016-10-08T13:41:46+11:00,192.168.1.184,1326,
2016-10-08T17:53:50+11:00,192.168.1.184,4000,
2016-10-08T17:57:23+11:00,192.168.1.184,4000,
2016-10-08T17:58:10+11:00,192.168.1.184,1337,
2016-10-08T17:58:10+11:00,192.168.1.184,1337,
2016-10-08T17:58:10+11:00,192.168.1.184,1326,
2016-10-08T18:00:56+11:00,192.168.1.184,1337,
2016-10-08T18:02:01+11:00,192.168.1.184,1337,
2016-10-08T18:02:01+11:00,192.168.1.184,1337,
2016-10-08T18:02:27+11:00,192.168.1.184,1337,
2016-10-08T18:02:27+11:00,192.168.1.184,1337,
2016-10-08T18:02:27+11:00,192.168.1.184,1326,
2016-10-08T19:39:01+11:00,192.168.1.184,1337,
2016-10-08T19:39:01+11:00,192.168.1.184,1337,
2016-10-08T19:39:01+11:00,192.168.1.184,1326,
2016-10-08T19:53:24+11:00,192.168.1.184,50,
2016-10-08T19:53:51+11:00,192.168.1.184,50,
2016-10-08T19:54:24+11:00,192.168.1.184,50,
2016-10-08T19:54:45+11:00,192.168.1.184,50,
2016-10-08T19:55:03+11:00,192.168.1.184,50,
2016-10-08T19:56:34+11:00,192.168.1.184,50,
2016-10-08T19:56:34+11:00,192.168.1.184,50,
2016-10-08T19:56:45+11:00,192.168.1.184,50,
2016-10-08T19:56:45+11:00,192.168.1.184,50,
2016-10-08T19:58:16+11:00,192.168.1.184,50,
2016-10-08T19:58:16+11:00,192.168.1.184,50,
2016-10-08T19:59:16+11:00,192.168.1.184,50,
2016-10-08T19:59:16+11:00,192.168.1.184,50,
2016-10-08T20:01:07+11:00,192.168.1.184,50,
2016-10-08T20:01:07+11:00,192.168.1.184,50,
2016-10-09T00:16:31+11:00,192.168.1.184,50,
2016-10-09T00:19:22+11:00,192.168.1.184,50,
2016-10-09T00:19:22+11:00,192.168.1.184,50,
2016-10-09T00:21:18+11:00,192.168.1.184,50,
2016-10-09T00:21:18+11:00,192.168.1.184,50,
2016-10-09T00:23:26+11:00,192.168.1.184,50,
2016-10-09T00:23:26+11:00,192.168.1.184,50,
2016-10-09T00:27:00+11:00,192.168.1.184,50,
2016-10-09T00:27:00+11:00,192.168.1.184,50,
2016-10-09T13:14:12+11:00,192.168.1.184,50,
2016-10-09T13:14:12+11:00,192.168.1.184,50,
2016-10-09T13:15:28+11:00,192.168.1.184,50,
2016-10-09T13:15:28+11:00,192.168.1.184,50,
2016-10-09T13:17:20+11:00,192.168.1.184,50,
2016-10-09T13:17:20+11:00,192.168.1.184,50,
2016-10-09T13:18:14+11:00,192.168.1.184,50,
2016-10-09T13:18:14+11:00,192.168.1.184,50,
2016-10-10T13:03:50+11:00,192.168.1.184,50,
2016-10-10T13:03:50+11:00,192.168.1.184,50,
2016-10-10T13:06:34+11:00,192.168.1.184,50,
2016-10-10T13:06:34+11:00,192.168.1.184,50,
2016-10-10T13:12:24+11:00,192.168.1.184,50,
2016-10-10T13:12:24+11:00,192.168.1.184,50,
2016-10-10T13:16:52+11:00,192.168.1.184,50,
2016-10-10T13:16:52+11:00,192.168.1.184,50,
2016-10-10T13:44:52+11:00,192.168.1.184,50,
2016-10-10T13:44:52+11:00,192.168.1.184,50,
2016-10-10T13:47:01+11:00,192.168.1.184,50,
2016-10-10T13:47:01+11:00,192.168.1.184,50,
2016-10-10T13:48:06+11:00,192.168.1.184,50,
2016-10-10T13:48:06+11:00,192.168.1.184,50,
2016-10-10T13:48:57+11:00,192.168.1.184,50,
2016-10-10T13:48:57+11:00,192.168.1.184,50,
2016-10-10T15:59:28+11:00,192.168.1.184,50,
2016-10-10T15:59:28+11:00,192.168.1.184,50,
2016-10-10T16:01:00+11:00,192.168.1.184,50,
2016-10-10T16:01:00+11:00,192.168.1.184,50,
2016-10-10T16:01:53+11:00,192.168.1.184,50,
2016-10-10T16:01:53+11:00,192.168.1.184,50,
2016-10-10T16:02:52+11:00,192.168.1.184,50,
2016-10-10T16:02:52+11:00,192.168.1.184,50,
2016-10-10T16:03:59+11:00,192.168.1.184,50,
2016-10-10T16:03:59+11:00,192.168.1.184,50,
2016-10-10T16:11:54+11:00,192.168.1.184,50,
2016-10-10T16:11:54+11:00,192.168.1.184,50,
2016-10-10T16:13:29+11:00,192.168.1.184,50,
2016-10-10T16:13:29+11:00,192.168.1.184,50,
2016-10-10T16:13:29+11:00,192.168.1.184,50,
2016-10-10T16:15:13+11:00,192.168.1.184,50,
2016-10-10T16:15:13+11:00,192.168.1.184,50,
2016-10-10T16:15:13+11:00,192.168.1.184,50,
2016-10-10T16:15:57+11:00,192.168.1.184,50,
2016-10-10T16:15:57+11:00,192.168.1.184,50,
2016-10-10T16:15:57+11:00,192.168.1.184,50,
2016-10-10T16:25:29+11:00,192.168.1.184,50,
2016-10-10T16:25:29+11:00,192.168.1.184,50,
2016-10-10T16:28:19+11:00,192.168.1.184,50,
2016-10-10T16:30:15+11:00,192.168.1.184,50,
2016-10-10T16:30:15+11:00,192.168.1.184,50,
2016-10-10T16:52:47+11:00,192.168.1.184,50,
2016-10-10T16:52:47+11:00,192.168.1.184,50,
2016-10-10T16:53:25+11:00,192.168.1.184,50,
2016-10-10T16:53:25+11:00,192.168.1.184,50,
2016-10-10T16:54:29+11:00,192.168.1.184,50,
2016-10-10T16:54:29+11:00,192.168.1.184,50,
2016-10-10T16:55:41+11:00,192.168.1.184,50,
2016-10-10T16:55:41+11:00,192.168.1.184,50,
2016-10-10T16:58:04+11:00,192.168.1.184,50,
2016-10-10T16:58:04+11:00,192.168.1.184,50,
2016-10-10T16:58:04+11:00,192.168.1.184,50,
2016-10-10T16:58:50+11:00,192.168.1.184,50,
2016-10-10T16:58:50+11:00,192.168.1.184,50,
2016-10-10T16:59:50+11:00,192.168.1.184,50,
2016-10-10T16:59:50+11:00,192.168.1.184,50,
2016-10-10T17:00:17+11:00,192.168.1.184,50,
2016-10-10T17:00:17+11:00,192.168.1.184,50,
2016-10-10T17:00:54+11:00,192.168.1.184,50,
2016-10-10T17:00:54+11:00,192.168.1.184,50,
2016-10-10T17:00:54+11:00,192.168.1.184,50,
2016-10-10T17:02:06+11:00,192.168.1.184,50,
2016-10-10T17:02:06+11:00,192.168.1.184,50,
2016-10-10T17:02:06+11:00,192.168.1.184,50,
2016-10-10T17:28:38+11:00,192.168.1.184,50,
2016-10-10T17:28:38+11:00,192.168.1.184,50,
2016-10-10T19:02:46+11:00,192.168.1.184,50,
2016-10-10T19:02:46+11:00,192.168.1.184,50,
2016-10-10T19:04:47+11:00,192.168.1.184,50,
2016-10-10T19:04:47+11:00,192.168.1.184,50,
2016-10-10T19:06:20+11:00,192.168.1.184,50,
2016-10-10T19:06:20+11:00,192.168.1.184,50,
2016-10-10T19:11:03+11:00,192.168.1.184,50,
2016-10-10T19:11:03+11:00,192.168.1.184,50,
2016-10-10T19:15:51+11:00,192.168.1.184,50,
2016-10-10T19:15:51+11:00,192.168.1.184,50,
2016-10-10T19:18:01+11:00,192.168.1.184,50,
2016-10-10T19:18:01+11:00,192.168.1.184,50,
2016-10-10T19:21:44+11:00,192.168.1.184,50,
2016-10-10T19:21:44+11:00,192.168.1.184,50,
2016-10-10T19:23:25+11:00,192.168.1.184,50,
2016-10-10T19:23:25+11:00,192.168.1.184,50,
2016-10-10T19:23:40+11:00,192.168.1.184,50,
2016-10-10T19:23:40+11:00,192.168.1.184,50,
2016-10-10T19:23:40+11:00,192.168.1.184,50,
2016-10-10T19:24:24+11:00,192.168.1.184,50,
2016-10-10T19:24:24+11:00,192.168.1.184,50,
2016-10-10T19:24:24+11:00,192.168.1.184,50,
2016-10-10T19:26:12+11:00,192.168.1.184,50,
2016-10-10T19:26:12+11:00,192.168.1.184,50,
2016-10-10T19:26:12+11:00,192.168.1.184,50,
2016-10-10T19:26:12+11:00,192.168.1.184,50,
2016-10-10T19:36:30+11:00,192.168.1.184,50,
2016-10-10T19:36:30+11:00,192.168.1.184,50,
2016-10-10T19:36:30+11:00,192.168.1.184,50,
2016-10-10T19:36:30+11:00,192.168.1.184,50,
2016-10-10T19:42:43+11:00,192.168.1.184,50,
2016-10-10T19:42:43+11:00,192.168.1.184,50,
2016-10-10T19:47:43+11:00,192.168.1.184,50,
2016-10-10T19:47:43+11:00,192.168.1.184,50,
2016-10-10T19:49:33+11:00,192.168.1.184,50,
2016-10-10T19:49:33+11:00,192.168.1.184,50,
2016-10-10T19:50:37+11:00,192.168.1.184,50,
2016-10-10T19:50:37+11:00,192.168.1.184,50,
2016-10-10T19:54:36+11:00,192.168.1.184,50,
2016-10-10T19:54:36+11:00,192.168.1.184,50,
2016-10-10T19:56:18+11:00,192.168.1.184,50,
2016-10-10T19:56:18+11:00,192.168.1.184,50,
2016-10-10T19:56:18+11:00,192.168.1.184,50,
2016-10-10T19:57:45+11:00,192.168.1.184,50,
2016-10-10T19:57:45+11:00,192.168.1.184,50,
2016-10-10T19:57:45+11:00,192.168.1.184,50,
2016-10-10T20:00:12+11:00,192.168.1.184,50,
2016-10-10T20:00:12+11:00,192.168.1.184,50,
2016-10-10T20:00:12+11:00,192.168.1.184,50,
2016-10-10T20:02:06+11:00,192.168.1.184,50,
2016-10-10T20:02:06+11:00,192.168.1.184,50,
2016-10-10T20:02:06+11:00,192.168.1.184,50,
2016-10-11T08:30:23+11:00,192.168.1.184,50,
2016-10-11T08:30:45+11:00,192.168.1.184,50,
2016-10-11T08:30:45+11:00,192.168.1.184,50,
2016-10-11T08:30:57+11:00,192.168.1.184,50,
2016-10-11T08:30:57+11:00,192.168.1.184,50,
2016-10-11T08:30:57+11:00,192.168.1.184,50,
2016-10-11T08:31:23+11:00,192.168.1.184,50,
2016-10-11T08:31:23+11:00,192.168.1.184,50,
2016-10-11T08:31:23+11:00,192.168.1.184,50,
2016-10-11T08:31:37+11:00,192.168.1.184,50,
2016-10-11T08:31:37+11:00,192.168.1.184,50,
2016-10-11T08:31:37+11:00,192.168.1.184,50,
2016-10-11T08:31:53+11:00,192.168.1.184,50,
2016-10-11T08:31:53+11:00,192.168.1.184,50,
2016-10-11T08:31:53+11:00,192.168.1.184,50,
2016-10-11T08:34:07+11:00,192.168.1.184,50,
2016-10-11T08:34:07+11:00,192.168.1.184,50,
2016-10-11T08:34:07+11:00,192.168.1.184,50,
2016-10-11T08:34:07+11:00,192.168.1.184,50,
2016-10-11T08:36:16+11:00,192.168.1.184,50,
2016-10-11T08:36:16+11:00,192.168.1.184,50,
2016-10-11T08:36:16+11:00,192.168.1.184,50,
2016-10-11T08:36:16+11:00,192.168.1.184,50,
2016-10-11T08:38:44+11:00,192.168.1.184,50,
2016-10-11T08:38:44+11:00,192.168.1.184,50,
2016-10-11T08:38:44+11:00,192.168.1.184,50,
2016-10-11T08:38:44+11:00,192.168.1.184,50,
2016-10-11T08:58:39+11:00,192.168.1.184,50,
2016-10-11T08:58:39+11:00,192.168.1.184,1337,
2016-10-11T08:58:39+11:00,192.168.1.184,1337,
2016-10-11T08:58:39+11:00,192.168.1.184,1326,
2016-10-11T08:58:39+11:00,192.168.1.184,50,
2016-10-11T08:58:39+11:00,192.168.1.184,50,
2016-10-11T08:58:39+11:00,192.168.1.184,50,
2016-10-11T08:58:39+11:00,8.8.8.8,43,
2016-10-11T08:59:01+11:00,192.168.1.184,50,
2016-10-11T08:59:01+11:00,192.168.1.184,1337,
2016-10-11T08:59:01+11:00,192.168.1.184,1337,
2016-10-11T08:59:01+11:00,192.168.1.184,1326,
2016-10-11T08:59:01+11:00,192.168.1.184,50,
2016-10-11T08:59:01+11:00,192.168.1.184,50,
2016-10-11T08:59:01+11:00,192.168.1.184,50,
2016-10-11T08:59:01+11:00,127.0.0.1,6,
2016-10-11T09:07:30+11:00,192.168.1.184,1337,
2016-10-11T09:07:30+11:00,192.168.1.184,1337,
2016-10-11T09:07:30+11:00,192.168.1.184,1326,
2016-10-11T09:09:33+11:00,192.168.1.184,1337,
2016-10-11T09:09:33+11:00,192.168.1.184,1337,
2016-10-11T09:09:33+11:00,192.168.1.184,1326,
2016-10-11T09:10:02+11:00,192.168.1.184,1337,
2016-10-11T09:10:02+11:00,192.168.1.184,1337,
2016-10-11T09:10:02+11:00,192.168.1.184,1326,
2016-10-11T10:06:40+11:00,192.168.1.184,50,
2016-10-11T10:06:40+11:00,192.168.1.184,50,
2016-10-11T10:06:40+11:00,192.168.1.184,50,
2016-10-11T10:06:40+11:00,192.168.1.184,50,
2016-10-11T10:07:21+11:00,192.168.1.184,50,
2016-10-11T10:07:21+11:00,192.168.1.184,50,
2016-10-11T10:07:21+11:00,192.168.1.184,50,
2016-10-11T10:07:21+11:00,192.168.1.184,50,
2016-10-11T10:07:21+11:00,192.168.1.184,50,
2016-10-11T10:09:08+11:00,192.168.1.184,50,
2016-10-11T10:09:08+11:00,192.168.1.184,50,
2016-10-11T12:43:03+11:00,192.168.1.184,50,
2016-10-11T12:43:03+11:00,192.168.1.184,50,
2016-10-11T12:43:03+11:00,192.168.1.184,50,
2016-10-11T12:43:03+11:00,192.168.1.184,50,
2016-10-11T12:43:03+11:00,192.168.1.184,50,
2016-10-11T12:45:59+11:00,192.168.1.184,50,
2016-10-11T12:45:59+11:00,192.168.1.184,50,
2016-10-11T12:45:59+11:00,192.168.1.184,50,
2016-10-11T12:47:39+11:00,192.168.1.184,50,
2016-10-11T12:47:39+11:00,192.168.1.184,50,
2016-10-11T12:47:39+11:00,192.168.1.184,50,
2016-10-11T12:51:22+11:00,192.168.1.184,50,
2016-10-11T12:51:22+11:00,192.168.1.184,50,
2016-10-11T12:51:22+11:00,192.168.1.184,50,
2016-10-11T12:54:14+11:00,192.168.1.184,50,
2016-10-11T12:54:14+11:00,192.168.1.184,50,
2016-10-11T12:55:38+11:00,192.168.1.184,50,
2016-10-11T12:55:38+11:00,192.168.1.184,50,
2016-10-11T12:58:23+11:00,192.168.1.184,50,
2016-10-11T12:58:23+11:00,192.168.1.184,50,
2016-10-11T12:59:12+11:00,192.168.1.184,50,
2016-10-11T12:59:12+11:00,192.168.1.184,50,
2016-10-11T12:59:12+11:00,192.168.1.184,50,
2016-10-11T12:59:39+11:00,192.168.1.184,50,
2016-10-11T12:59:39+11:00,192.168.1.184,50,
2016-10-11T12:59:39+11:00,192.168.1.184,50,
2016-10-11T13:04:19+11:00,192.168.1.184,50,
2016-10-11T13:04:19+11:00,192.168.1.184,50,
2016-10-11T13:04:19+11:00,192.168.1.184,50,
2016-10-11T13:09:11+11:00,192.168.1.184,50,
2016-10-11T13:09:11+11:00,192.168.1.184,50,
2016-10-11T13:09:11+11:00,192.168.1.184,50,
2016-10-11T13:10:11+11:00,192.168.1.184,50,
2016-10-11T13:10:11+11:00,192.168.1.184,50,
2016-10-11T13:10:11+11:00,192.168.1.184,50,
2016-10-11T13:10:13+11:00,192.168.1.184,50,
2016-10-11T13:10:13+11:00,192.168.1.184,50,
2016-10-11T13:10:13+11:00,192.168.1.184,50,
2016-10-11T13:10:32+11:00,192.168.1.184,50,
2016-10-11T13:10:32+11:00,192.168.1.184,50,
2016-10-11T13:10:32+11:00,192.168.1.184,50,
2016-10-11T13:10:54+11:00,192.168.1.184,50,
2016-10-11T13:10:54+11:00,192.168.1.184,50,
2016-10-11T13:10:54+11:00,192.168.1.184,50,
2016-10-11T13:11:00+11:00,192.168.1.184,50,
2016-10-11T13:11:00+11:00,192.168.1.184,1337,
2016-10-11T13:11:00+11:00,192.168.1.184,1337,
2016-10-11T13:11:00+11:00,192.168.1.184,1326,
2016-10-11T13:11:00+11:00,192.168.1.184,50,
2016-10-11T13:11:00+11:00,192.168.1.184,50,
2016-10-11T13:11:00+11:00,127.0.0.1,6,
2016-10-11T13:11:01+11:00,127.0.0.1,15,
2016-10-11T13:11:01+11:00,127.0.0.1,15,
2016-10-11T13:11:01+11:00,192.168.1.184,1337,
2016-10-11T13:11:01+11:00,192.168.1.184,1337,
2016-10-11T13:11:01+11:00,192.168.1.184,1326,
2016-10-11T13:11:37+11:00,127.0.0.1,15,
2016-10-11T13:15:50+11:00,192.168.1.184,50,
2016-10-11T13:15:50+11:00,192.168.1.184,50,
2016-10-11T13:15:50+11:00,192.168.1.184,50,
2016-10-11T14:08:07+11:00,192.168.1.184,50,
2016-10-11T14:08:07+11:00,192.168.1.184,1337,
2016-10-11T14:08:07+11:00,192.168.1.184,1337,
2016-10-11T14:08:07+11:00,192.168.1.184,50,
2016-10-11T14:08:07+11:00,192.168.1.184,1326,
2016-10-11T14:08:07+11:00,192.168.1.184,50,
2016-10-11T14:08:07+11:00,127.0.0.1,6,
2016-10-11T14:08:07+11:00,192.168.1.184,1337,
2016-10-11T14:08:07+11:00,192.168.1.184,1337,
2016-10-11T14:08:07+11:00,192.168.1.184,1326,
2016-10-11T14:23:01+11:00,192.168.1.184,50,
2016-10-11T14:23:01+11:00,192.168.1.184,50,
2016-10-11T14:23:01+11:00,192.168.1.184,50,
2016-10-11T14:23:45+11:00,192.168.1.184,50,
2016-10-11T14:23:45+11:00,192.168.1.184,50,
2016-10-11T14:23:45+11:00,192.168.1.184,50,
2016-10-11T14:24:16+11:00,192.168.1.184,50,
2016-10-11T14:24:16+11:00,192.168.1.184,1337,
2016-10-11T14:24:16+11:00,192.168.1.184,1337,
2016-10-11T14:24:16+11:00,192.168.1.184,1326,
2016-10-11T14:24:16+11:00,192.168.1.184,50,
2016-10-11T14:24:16+11:00,192.168.1.184,50,
2016-10-11T14:24:16+11:00,127.0.0.1,6,
2016-10-11T14:24:16+11:00,192.168.1.184,1337,
2016-10-11T14:24:16+11:00,192.168.1.184,1337,
2016-10-11T14:24:16+11:00,192.168.1.184,1326,
2016-10-11T14:25:54+11:00,192.168.1.184,50,
2016-10-11T14:25:54+11:00,192.168.1.184,50,
2016-10-11T14:25:54+11:00,192.168.1.184,50,
2016-10-11T14:29:08+11:00,127.0.0.1,15,
2016-10-11T14:30:08+11:00,127.0.0.1,15,
2016-10-11T14:30:08+11:00,127.0.0.1,6,
2016-10-11T14:30:31+11:00,192.168.1.184,50,
2016-10-11T14:30:31+11:00,192.168.1.184,1337,
2016-10-11T14:30:31+11:00,192.168.1.184,1337,
2016-10-11T14:30:31+11:00,192.168.1.184,50,
2016-10-11T14:30:31+11:00,192.168.1.184,1326,
2016-10-11T14:30:31+11:00,192.168.1.184,50,
2016-10-11T14:30:31+11:00,127.0.0.1,6,
2016-10-11T14:30:31+11:00,127.0.0.1,15,
2016-10-11T14:30:31+11:00,192.168.1.184,1337,
2016-10-11T14:30:31+11:00,192.168.1.184,1337,
2016-10-11T14:30:31+11:00,192.168.1.184,1326,
2016-10-11T14:30:36+11:00,127.0.0.1,15,
2016-10-11T14:30:36+11:00,127.0.0.1,6,
2016-10-11T14:30:38+11:00,127.0.0.1,15,
2016-10-11T14:30:38+11:00,127.0.0.1,6,
2016-10-11T14:30:40+11:00,192.168.1.184,50,
2016-10-11T14:30:40+11:00,192.168.1.184,1337,
2016-10-11T14:30:40+11:00,192.168.1.184,50,
2016-10-11T14:30:40+11:00,192.168.1.184,1337,
2016-10-11T14:30:40+11:00,192.168.1.184,1326,
2016-10-11T14:30:40+11:00,192.168.1.184,50,
2016-10-11T14:30:40+11:00,127.0.0.1,6,
2016-10-11T14:30:40+11:00,127.0.0.1,15,
2016-10-11T14:30:40+11:00,192.168.1.184,1337,
2016-10-11T14:30:40+11:00,192.168.1.184,1337,
2016-10-11T14:30:40+11:00,192.168.1.184,1326,
2016-10-11T14:31:55+11:00,127.0.0.1,15,
2016-10-11T14:31:55+11:00,127.0.0.1,6,
2016-10-11T14:32:08+11:00,127.0.0.1,15,
2016-10-11T14:32:08+11:00,127.0.0.1,6,
2016-10-11T14:32:08+11:00,127.0.0.1,18,
2016-10-11T14:32:08+11:00,127.0.0.1,6,
2016-10-11T14:32:27+11:00,127.0.0.1,15,
2016-10-11T14:32:27+11:00,127.0.0.1,6,
2016-10-11T14:32:27+11:00,127.0.0.1,18,
2016-10-11T14:32:27+11:00,127.0.0.1,6,
2016-10-11T14:32:27+11:00,127.0.0.1,58,
2016-10-11T14:33:13+11:00,127.0.0.1,15,
2016-10-11T14:33:13+11:00,127.0.0.1,6,
2016-10-11T14:33:13+11:00,127.0.0.1,18,
2016-10-11T14:33:13+11:00,127.0.0.1,6,
2016-10-11T14:33:13+11:00,127.0.0.1,58,
2016-10-11T14:33:45+11:00,127.0.0.1,15,
2016-10-11T14:33:45+11:00,127.0.0.1,6,
2016-10-11T14:33:45+11:00,127.0.0.1,18,
2016-10-11T14:33:45+11:00,127.0.0.1,6,
2016-10-11T14:33:45+11:00,127.0.0.1,58,
2016-10-11T14:38:07+11:00,127.0.0.1,15,
2016-10-11T14:39:06+11:00,127.0.0.1,15,
2016-10-11T14:40:23+11:00,127.0.0.1,15,
2016-10-11T14:40:41+11:00,127.0.0.1,15,
2016-10-11T14:49:28+11:00,127.0.0.1,15,
2016-10-11T14:51:15+11:00,127.0.0.1,15,
2016-10-11T16:35:46+11:00,127.0.0.1,15,
2016-10-11T16:45:15+11:00,127.0.0.1,15,
2016-10-11T16:51:54+11:00,127.0.0.1,15,
2016-10-11T17:07:29+11:00,127.0.0.1,15,
2016-10-11T19:37:33+11:00,192.168.1.184,1337,
2016-10-11T19:37:33+11:00,192.168.1.184,1337,
2016-10-11T19:37:33+11:00,192.168.1.184,1326,
2016-10-11T19:37:33+11:00,192.168.1.184,50,
2016-10-11T19:37:33+11:00,192.168.1.184,50,
2016-10-11T19:37:33+11:00,192.168.1.184,50,
2016-10-11T19:37:33+11:00,127.0.0.1,6,
2016-10-11T19:37:33+11:00,127.0.0.1,15,
2016-10-11T19:37:33+11:00,127.0.0.1,15,
2016-10-11T19:37:33+11:00,192.168.1.184,1337,
2016-10-11T19:37:33+11:00,192.168.1.184,1337,
2016-10-11T19:37:33+11:00,192.168.1.184,1326,
2016-10-11T19:37:33+11:00,8.8.8.8,43,
2016-10-11T19:42:11+11:00,127.0.0.1,15,
2016-10-11T19:44:36+11:00,127.0.0.1,15,
2016-10-11T20:07:03+11:00,127.0.0.1,15,
2016-10-11T20:07:03+11:00,127.0.0.1,6,
2016-10-11T20:07:03+11:00,127.0.0.1,18,
2016-10-11T20:07:03+11:00,127.0.0.1,6,
2016-10-11T20:07:10+11:00,127.0.0.1,15,
2016-10-11T20:07:10+11:00,127.0.0.1,6,
2016-10-11T20:07:10+11:00,127.0.0.1,18,
2016-10-11T20:07:10+11:00,127.0.0.1,6,
2016-10-11T20:07:10+11:00,127.0.0.1,58,
2016-10-11T20:07:19+11:00,192.168.1.184,50,
2016-10-11T20:07:19+11:00,192.168.1.184,1337,
2016-10-11T20:07:19+11:00,192.168.1.184,1337,
2016-10-11T20:07:19+11:00,192.168.1.184,50,
2016-10-11T20:07:19+11:00,192.168.1.184,1326,
2016-10-11T20:07:19+11:00,192.168.1.184,50,
2016-10-11T20:07:19+11:00,127.0.0.1,6,
2016-10-11T20:07:19+11:00,8.8.8.8,43,
2016-10-11T20:07:19+11:00,127.0.0.1,15,
2016-10-11T20:07:19+11:00,127.0.0.1,15,
2016-10-11T20:07:19+11:00,127.0.0.1,6,
2016-10-11T20:07:19+11:00,127.0.0.1,18,
2016-10-11T20:07:19+11:00,127.0.0.1,6,
2016-10-11T20:07:19+11:00,127.0.0.1,6,
2016-10-11T20:07:19+11:00,192.168.1.184,1337,
2016-10-11T20:07:19+11:00,127.0.0.1,65,
2016-10-11T20:07:19+11:00,192.168.1.184,1337,
2016-10-11T20:07:19+11:00,192.168.1.184,1326,
2016-10-11T20:07:21+11:00,192.168.1.184,50,
2016-10-11T20:07:21+11:00,192.168.1.184,50,
2016-10-11T20:07:21+11:00,192.168.1.184,1337,
2016-10-11T20:07:21+11:00,192.168.1.184,1337,
2016-10-11T20:07:21+11:00,192.168.1.184,1326,
2016-10-11T20:07:21+11:00,192.168.1.184,50,
2016-10-11T20:07:21+11:00,127.0.0.1,6,
2016-10-11T20:07:21+11:00,127.0.0.1,15,
2016-10-11T20:07:21+11:00,127.0.0.1,15,
2016-10-11T20:07:21+11:00,127.0.0.1,6,
2016-10-11T20:07:21+11:00,127.0.0.1,18,
2016-10-11T20:07:21+11:00,192.168.1.184,1337,
2016-10-11T20:07:21+11:00,192.168.1.184,1337,
2016-10-11T20:07:21+11:00,127.0.0.1,6,
2016-10-11T20:07:21+11:00,192.168.1.184,1326,
2016-10-11T20:07:21+11:00,8.8.8.8,43,
2016-10-11T20:07:23+11:00,192.168.1.184,50,
2016-10-11T20:07:23+11:00,192.168.1.184,1337,
2016-10-11T20:07:23+11:00,192.168.1.184,1337,
2016-10-11T20:07:23+11:00,192.168.1.184,50,
2016-10-11T20:07:23+11:00,192.168.1.184,1326,
2016-10-11T20:07:23+11:00,192.168.1.184,50,
2016-10-11T20:07:23+11:00,127.0.0.1,6,
2016-10-11T20:07:23+11:00,127.0.0.1,15,
2016-10-11T20:07:23+11:00,127.0.0.1,15,
2016-10-11T20:07:23+11:00,192.168.1.184,1337,
2016-10-11T20:07:23+11:00,192.168.1.184,1337,
2016-10-11T20:07:23+11:00,192.168.1.184,1326,
2016-10-11T20:07:23+11:00,8.8.8.8,43,
2016-10-11T20:07:24+11:00,192.168.1.184,50,
2016-10-11T20:07:24+11:00,192.168.1.184,1337,
2016-10-11T20:07:24+11:00,192.168.1.184,1337,
2016-10-11T20:07:24+11:00,192.168.1.184,50,
2016-10-11T20:07:24+11:00,192.168.1.184,1326,
2016-10-11T20:07:24+11:00,192.168.1.184,50,
2016-10-11T20:07:24+11:00,127.0.0.1,6,
2016-10-11T20:07:24+11:00,127.0.0.1,15,
2016-10-11T20:07:24+11:00,127.0.0.1,15,
2016-10-11T20:07:24+11:00,192.168.1.184,1337,
2016-10-11T20:07:24+11:00,192.168.1.184,1337,
2016-10-11T20:07:24+11:00,192.168.1.184,1326,
2016-10-11T20:07:24+11:00,8.8.8.8,43,
2016-10-11T20:07:26+11:00,192.168.1.184,50,
2016-10-11T20:07:26+11:00,192.168.1.184,1337,
2016-10-11T20:07:26+11:00,192.168.1.184,1337,
2016-10-11T20:07:26+11:00,192.168.1.184,1326,
2016-10-11T20:07:26+11:00,192.168.1.184,50,
2016-10-11T20:07:26+11:00,192.168.1.184,50,
2016-10-11T20:07:26+11:00,127.0.0.1,6,
2016-10-11T20:07:26+11:00,127.0.0.1,15,
2016-10-11T20:07:26+11:00,127.0.0.1,15,
2016-10-11T20:07:26+11:00,8.8.8.8,43,
2016-10-11T20:07:26+11:00,127.0.0.1,6,
2016-10-11T20:07:26+11:00,192.168.1.184,1337,
2016-10-11T20:07:26+11:00,192.168.1.184,1337,
2016-10-11T20:07:26+11:00,192.168.1.184,1326,
2016-10-11T20:07:27+11:00,192.168.1.184,50,
2016-10-11T20:07:27+11:00,192.168.1.184,1337,
2016-10-11T20:07:27+11:00,192.168.1.184,50,
2016-10-11T20:07:27+11:00,192.168.1.184,1337,
2016-10-11T20:07:27+11:00,192.168.1.184,1326,
2016-10-11T20:07:27+11:00,192.168.1.184,50,
2016-10-11T20:07:27+11:00,127.0.0.1,6,
2016-10-11T20:07:27+11:00,127.0.0.1,15,
2016-10-11T20:07:27+11:00,127.0.0.1,15,
2016-10-11T20:07:27+11:00,192.168.1.184,1337,
2016-10-11T20:07:27+11:00,192.168.1.184,1337,
2016-10-11T20:07:27+11:00,192.168.1.184,1326,
2016-10-11T20:07:27+11:00,8.8.8.8,43,
2016-10-11T20:07:34+11:00,127.0.0.1,15,
2016-10-11T20:07:34+11:00,127.0.0.1,6,
2016-10-11T20:07:34+11:00,127.0.0.1,18,
2016-10-11T20:07:34+11:00,127.0.0.1,6,
2016-10-11T20:07:36+11:00,127.0.0.1,15,
2016-10-11T20:07:36+11:00,127.0.0.1,6,
2016-10-11T20:07:36+11:00,127.0.0.1,18,
2016-10-11T20:07:36+11:00,127.0.0.1,6,
2016-10-11T20:07:36+11:00,127.0.0.1,58,
2016-10-12T08:22:09+11:00,192.168.1.184,50,
2016-10-12T08:22:09+11:00,192.168.1.184,1337,
2016-10-12T08:22:09+11:00,192.168.1.184,1337,
2016-10-12T08:22:09+11:00,192.168.1.184,50,
2016-10-12T08:22:09+11:00,192.168.1.184,1326,
2016-10-12T08:22:09+11:00,192.168.1.184,50,
2016-10-12T08:22:09+11:00,127.0.0.1,6,
2016-10-12T08:22:09+11:00,127.0.0.1,15,
2016-10-12T08:22:09+11:00,127.0.0.1,15,
2016-10-12T08:22:09+11:00,127.0.0.1,6,
2016-10-12T08:22:09+11:00,127.0.0.1,18,
2016-10-12T08:22:09+11:00,127.0.0.1,6,
2016-10-12T08:22:09+11:00,192.168.1.184,1337,
2016-10-12T08:22:09+11:00,192.168.1.184,1337,
2016-10-12T08:22:09+11:00,192.168.1.184,1326,
2016-10-12T08:22:09+11:00,8.8.8.8,43,
2016-10-12T08:22:15+11:00,127.0.0.1,15,
2016-10-12T08:22:15+11:00,127.0.0.1,6,
2016-10-12T09:03:42+11:00,127.0.0.1,15,
2016-10-12T09:04:25+11:00,127.0.0.1,15,
2016-10-12T09:04:25+11:00,127.0.0.1,6,
2016-10-12T09:04:25+11:00,127.0.0.1,18,
2016-10-12T09:04:25+11:00,127.0.0.1,6,
2016-10-12T09:04:25+11:00,127.0.0.1,58,
2016-10-15T20:21:34+11:00,192.168.1.184,50,
2016-10-15T20:21:34+11:00,192.168.1.184,1337,
2016-10-15T20:21:34+11:00,192.168.1.184,1337,
2016-10-15T20:21:34+11:00,192.168.1.184,50,
2016-10-15T20:21:34+11:00,192.168.1.184,1326,
2016-10-15T20:21:34+11:00,127.0.0.1,6,
2016-10-15T20:21:34+11:00,127.0.0.1,15,
2016-10-15T20:21:34+11:00,127.0.0.1,6,
2016-10-15T20:21:34+11:00,192.168.1.184,1337,
2016-10-15T20:21:34+11:00,192.168.1.184,1337,
2016-10-15T20:21:34+11:00,192.168.1.184,1326,
2016-10-15T20:21:44+11:00,192.168.1.184,50,
2016-10-15T20:21:44+11:00,192.168.1.184,50,
2016-10-15T20:21:53+11:00,192.168.1.184,50,
2016-10-15T20:21:53+11:00,192.168.1.184,50,
2016-10-15T20:24:29+11:00,192.168.1.184,50,
2016-10-15T20:24:29+11:00,192.168.1.184,50,
2016-10-15T20:53:41+11:00,192.168.1.184,50,
2016-10-15T20:53:41+11:00,192.168.1.184,50,
2016-10-15T20:54:30+11:00,192.168.1.184,50,
2016-10-15T20:54:30+11:00,192.168.1.184,50,
2016-10-16T08:47:43+11:00,127.0.0.1,15,
2016-10-16T08:47:43+11:00,127.0.0.1,6,
2016-10-16T08:47:47+11:00,192.168.1.184,50,
2016-10-16T08:47:47+11:00,192.168.1.184,50,
2016-10-16T08:47:47+11:00,192.168.1.184,50,
2016-10-16T08:48:15+11:00,192.168.1.184,50,
2016-10-16T08:48:15+11:00,192.168.1.184,50,
2016-10-16T08:48:15+11:00,192.168.1.184,50,
2016-10-16T08:52:25+11:00,192.168.1.184,50,
2016-10-16T08:52:25+11:00,192.168.1.184,50,
2016-10-16T08:52:25+11:00,192.168.1.184,50,
2016-10-16T08:52:40+11:00,192.168.1.184,1337,
2016-10-16T08:52:40+11:00,192.168.1.184,1337,
2016-10-16T08:52:40+11:00,192.168.1.184,50,
2016-10-16T08:52:40+11:00,192.168.1.184,1326,
2016-10-16T08:52:40+11:00,192.168.1.184,50,
2016-10-16T08:52:40+11:00,127.0.0.1,6,
2016-10-16T08:52:40+11:00,127.0.0.1,15,
2016-10-16T08:52:40+11:00,127.0.0.1,15,
2016-10-16T08:52:40+11:00,192.168.1.184,1337,
2016-10-16T08:52:40+11:00,192.168.1.184,1337,
2016-10-16T08:52:40+11:00,192.168.1.184,1326,
2016-10-16T08:52:40+11:00,8.8.8.8,43,
2016-10-16T08:52:48+11:00,127.0.0.1,15,
2016-10-16T08:52:48+11:00,127.0.0.1,6,
2016-10-16T08:52:48+11:00,127.0.0.1,18,
2016-10-16T08:52:48+11:00,127.0.0.1,6,
2016-10-16T08:52:50+11:00,127.0.0.1,15,
2016-10-16T08:52:50+11:00,127.0.0.1,6,
2016-10-16T08:52:50+11:00,127.0.0.1,18,
2016-10-16T08:52:50+11:00,127.0.0.1,6,
2016-10-16T08:52:50+11:00,127.0.0.1,58,
2016-10-16T08:52:55+11:00,127.0.0.1,15,
2016-10-16T08:52:55+11:00,127.0.0.1,6,
2016-10-16T08:54:25+11:00,192.168.1.184,50,
2016-10-16T08:54:25+11:00,192.168.1.184,1337,
2016-10-16T08:54:25+11:00,192.168.1.184,1337,
2016-10-16T08:54:25+11:00,192.168.1.184,50,
2016-10-16T08:54:25+11:00,192.168.1.184,1326,
2016-10-16T08:54:25+11:00,192.168.1.184,50,
2016-10-16T08:54:25+11:00,127.0.0.1,6,
2016-10-16T08:54:25+11:00,127.0.0.1,15,
2016-10-16T08:54:25+11:00,127.0.0.1,15,
2016-10-16T08:54:25+11:00,127.0.0.1,6,
2016-10-16T08:54:25+11:00,127.0.0.1,18,
2016-10-16T08:54:25+11:00,127.0.0.1,6,
2016-10-16T08:54:25+11:00,192.168.1.184,1337,
2016-10-16T08:54:25+11:00,192.168.1.184,1337,
2016-10-16T08:54:25+11:00,192.168.1.184,1326,
2016-10-16T08:54:25+11:00,8.8.8.8,43,
2016-10-16T08:54:36+11:00,192.168.1.184,1337,
2016-10-16T08:54:36+11:00,192.168.1.184,1337,
2016-10-16T08:54:36+11:00,192.168.1.184,1326,
2016-10-16T08:54:36+11:00,192.168.1.184,50,
2016-10-16T08:54:36+11:00,192.168.1.184,50,
2016-10-16T08:54:36+11:00,192.168.1.184,50,
2016-10-16T08:54:36+11:00,192.168.1.184,1337,
2016-10-16T08:54:36+11:00,192.168.1.184,1337,
2016-10-16T08:54:36+11:00,192.168.1.184,1326,
2016-10-16T08:54:36+11:00,127.0.0.1,15,
2016-10-16T08:54:36+11:00,127.0.0.1,6,
2016-10-16T08:54:36+11:00,127.0.0.1,15,
2016-10-16T08:54:36+11:00,127.0.0.1,6,
2016-10-16T08:54:36+11:00,127.0.0.1,18,
2016-10-16T08:54:36+11:00,127.0.0.1,6,
2016-10-16T08:54:37+11:00,8.8.8.8,43,
2016-10-16T08:54:37+11:00,127.0.0.1,6,
2016-10-16T08:54:42+11:00,192.168.1.184,1337,
2016-10-16T08:54:42+11:00,192.168.1.184,1337,
2016-10-16T08:54:42+11:00,192.168.1.184,1326,
2016-10-16T08:54:42+11:00,192.168.1.184,50,
2016-10-16T08:54:42+11:00,192.168.1.184,50,
2016-10-16T08:54:42+11:00,192.168.1.184,50,
2016-10-16T08:54:42+11:00,192.168.1.184,1337,
2016-10-16T08:54:42+11:00,192.168.1.184,1337,
2016-10-16T08:54:42+11:00,192.168.1.184,1326,
2016-10-16T08:54:42+11:00,127.0.0.1,15,
2016-10-16T08:54:42+11:00,127.0.0.1,6,
2016-10-16T08:54:42+11:00,127.0.0.1,15,
2016-10-16T08:54:42+11:00,127.0.0.1,6,
2016-10-16T08:54:42+11:00,127.0.0.1,18,
2016-10-16T08:54:42+11:00,127.0.0.1,6,
2016-10-16T08:54:42+11:00,8.8.8.8,43,
2016-10-16T08:54:42+11:00,127.0.0.1,6,
2016-10-16T08:54:49+11:00,192.168.1.184,1337,
2016-10-16T08:54:49+11:00,192.168.1.184,1337,
2016-10-16T08:54:49+11:00,192.168.1.184,1326,
2016-10-16T08:54:49+11:00,192.168.1.184,50,
2016-10-16T08:54:49+11:00,192.168.1.184,50,
2016-10-16T08:54:49+11:00,192.168.1.184,50,
2016-10-16T08:54:49+11:00,192.168.1.184,1337,
2016-10-16T08:54:49+11:00,192.168.1.184,1337,
2016-10-16T08:54:49+11:00,192.168.1.184,1326,
2016-10-16T08:54:49+11:00,127.0.0.1,15,
2016-10-16T08:54:49+11:00,127.0.0.1,6,
2016-10-16T08:54:49+11:00,127.0.0.1,15,
2016-10-16T08:54:49+11:00,127.0.0.1,6,
2016-10-16T08:54:49+11:00,127.0.0.1,18,
2016-10-16T08:54:49+11:00,127.0.0.1,6,
2016-10-16T08:54:49+11:00,8.8.8.8,43,
2016-10-16T08:54:49+11:00,127.0.0.1,6,
2016-10-16T08:54:50+11:00,192.168.1.184,1337,
2016-10-16T08:54:50+11:00,192.168.1.184,1337,
2016-10-16T08:54:50+11:00,192.168.1.184,1326,
2016-10-16T08:54:50+11:00,192.168.1.184,50,
2016-10-16T08:54:50+11:00,192.168.1.184,50,
2016-10-16T08:54:50+11:00,192.168.1.184,50,
2016-10-16T08:54:50+11:00,192.168.1.184,1337,
2016-10-16T08:54:50+11:00,192.168.1.184,1337,
2016-10-16T08:54:50+11:00,192.168.1.184,1326,
2016-10-16T08:54:50+11:00,127.0.0.1,15,
2016-10-16T08:54:50+11:00,127.0.0.1,6,
2016-10-16T08:54:50+11:00,127.0.0.1,15,
2016-10-16T08:54:50+11:00,127.0.0.1,6,
2016-10-16T08:54:50+11:00,127.0.0.1,18,
2016-10-16T08:54:50+11:00,127.0.0.1,6,
2016-10-16T08:54:50+11:00,8.8.8.8,43,
2016-10-16T08:54:51+11:00,127.0.0.1,6,
2016-10-16T08:54:52+11:00,127.0.0.1,15,
2016-10-16T08:54:52+11:00,127.0.0.1,6,
2016-10-16T08:54:52+11:00,127.0.0.1,18,
2016-10-16T08:54:52+11:00,127.0.0.1,6,
2016-10-16T08:54:52+11:00,127.0.0.1,58,
2016-10-16T08:57:02+11:00,192.168.1.184,1337,
2016-10-16T08:57:02+11:00,192.168.1.184,1337,
2016-10-16T08:57:02+11:00,192.168.1.184,1326,
2016-10-16T08:57:02+11:00,192.168.1.184,50,
2016-10-16T08:57:02+11:00,192.168.1.184,50,
2016-10-16T08:57:02+11:00,192.168.1.184,50,
2016-10-16T08:57:02+11:00,192.168.1.184,1337,
2016-10-16T08:57:02+11:00,192.168.1.184,1337,
2016-10-16T08:57:02+11:00,192.168.1.184,1326,
2016-10-16T08:57:02+11:00,127.0.0.1,15,
2016-10-16T08:57:02+11:00,127.0.0.1,6,
2016-10-16T08:57:02+11:00,127.0.0.1,15,
2016-10-16T08:57:02+11:00,127.0.0.1,6,
2016-10-16T08:57:02+11:00,127.0.0.1,18,
2016-10-16T08:57:02+11:00,127.0.0.1,6,
2016-10-16T08:57:03+11:00,8.8.8.8,43,
2016-10-16T08:57:03+11:00,127.0.0.1,6,
2016-10-16T08:57:04+11:00,192.168.1.184,1337,
2016-10-16T08:57:04+11:00,192.168.1.184,1337,
2016-10-16T08:57:04+11:00,192.168.1.184,1326,
2016-10-16T08:57:04+11:00,192.168.1.184,50,
2016-10-16T08:57:04+11:00,192.168.1.184,50,
2016-10-16T08:57:04+11:00,192.168.1.184,50,
2016-10-16T08:57:04+11:00,192.168.1.184,1337,
2016-10-16T08:57:04+11:00,192.168.1.184,1337,
2016-10-16T08:57:04+11:00,192.168.1.184,1326,
2016-10-16T08:57:04+11:00,127.0.0.1,15,
2016-10-16T08:57:04+11:00,127.0.0.1,6,
2016-10-16T08:57:04+11:00,127.0.0.1,15,
2016-10-16T08:57:04+11:00,127.0.0.1,6,
2016-10-16T08:57:04+11:00,127.0.0.1,18,
2016-10-16T08:57:04+11:00,127.0.0.1,6,
2016-10-16T08:57:04+11:00,8.8.8.8,43,
2016-10-16T08:57:05+11:00,127.0.0.1,6,
2016-10-16T08:57:16+11:00,192.168.1.184,1337,
2016-10-16T08:57:16+11:00,192.168.1.184,1337,
2016-10-16T08:57:16+11:00,192.168.1.184,1326,
2016-10-16T08:57:16+11:00,192.168.1.184,50,
2016-10-16T08:57:16+11:00,192.168.1.184,50,
2016-10-16T08:57:16+11:00,192.168.1.184,50,
2016-10-16T08:57:16+11:00,192.168.1.184,1337,
2016-10-16T08:57:16+11:00,192.168.1.184,1337,
2016-10-16T08:57:16+11:00,192.168.1.184,1326,
2016-10-16T08:57:17+11:00,127.0.0.1,15,
2016-10-16T08:57:17+11:00,127.0.0.1,6,
2016-10-16T08:57:17+11:00,127.0.0.1,15,
2016-10-16T08:57:17+11:00,8.8.8.8,43,
2016-10-16T08:57:17+11:00,127.0.0.1,6,
2016-10-16T08:57:20+11:00,127.0.0.1,15,
2016-10-16T08:57:20+11:00,127.0.0.1,6,
2016-10-16T08:57:20+11:00,127.0.0.1,18,
2016-10-16T08:57:20+11:00,127.0.0.1,6,
2016-10-16T08:57:20+11:00,127.0.0.1,58,
2016-10-16T08:57:23+11:00,127.0.0.1,15,
2016-10-16T08:57:23+11:00,127.0.0.1,6,
2016-10-16T08:57:23+11:00,127.0.0.1,18,
2016-10-16T08:57:23+11:00,127.0.0.1,64,
2016-10-16T08:57:26+11:00,127.0.0.1,15,
2016-10-16T08:57:26+11:00,127.0.0.1,6,
2016-10-16T08:57:26+11:00,127.0.0.1,18,
2016-10-16T08:57:26+11:00,127.0.0.1,6,
2016-10-16T08:57:26+11:00,127.0.0.1,58,
2016-10-16T19:03:23+11:00,192.168.1.184,50,
2016-10-16T19:03:23+11:00,192.168.1.184,50,
2016-10-16T19:03:23+11:00,192.168.1.184,50,
2016-10-16T19:14:55+11:00,192.168.1.184,50,
2016-10-16T19:14:55+11:00,192.168.1.184,50,
2016-10-16T19:14:55+11:00,192.168.1.184,50,
2016-10-16T19:44:51+11:00,192.168.1.184,50,
2016-10-16T19:44:51+11:00,192.168.1.184,50,
2016-10-16T19:44:51+11:00,192.168.1.184,50,
2016-10-16T20:02:00+11:00,127.0.0.1,15,
2016-10-16T20:02:04+11:00,127.0.0.1,15,
2016-10-16T20:49:57+11:00,192.168.1.184,50,
2016-10-16T20:49:57+11:00,192.168.1.184,50,
2016-10-16T20:49:57+11:00,192.168.1.184,50,
2016-10-16T20:50:42+11:00,192.168.1.184,50,
2016-10-16T20:50:42+11:00,192.168.1.184,50,
2016-10-16T20:53:55+11:00,192.168.1.184,50,
2016-10-16T20:53:55+11:00,192.168.1.184,50,
2016-10-16T20:58:11+11:00,192.168.1.184,50,
2016-10-16T20:58:11+11:00,192.168.1.184,50,
2016-10-16T21:01:02+11:00,192.168.1.184,50,
2016-10-16T21:01:02+11:00,192.168.1.184,50,
2016-10-16T21:06:02+11:00,192.168.1.184,50,
2016-10-16T21:06:02+11:00,192.168.1.184,50,
2016-10-16T21:14:39+11:00,192.168.1.184,50,
2016-10-16T21:14:39+11:00,192.168.1.184,50,
2016-10-16T21:14:39+11:00,192.168.1.184,50,
2016-10-16T23:41:22+11:00,127.0.0.1,15,
2016-10-16T23:41:33+11:00,127.0.0.1,15,
2016-10-16T23:56:01+11:00,192.168.1.184,50,
2016-10-16T23:56:01+11:00,192.168.1.184,50,
2016-10-16T23:56:01+11:00,192.168.1.184,50,
2016-10-16T23:56:31+11:00,192.168.1.184,1337,
2016-10-16T23:56:31+11:00,192.168.1.184,1337,
2016-10-16T23:56:31+11:00,192.168.1.184,1326,
2016-10-17T00:16:20+11:00,192.168.1.184,50,
2016-10-17T00:16:20+11:00,192.168.1.184,50,
2016-10-17T00:16:20+11:00,192.168.1.184,50,
2016-10-17T14:49:29+11:00,127.0.0.1,15,
2016-10-17T14:50:31+11:00,127.0.0.1,15,
2016-10-17T14:53:05+11:00,127.0.0.1,15,
2016-10-17T14:53:05+11:00,127.0.0.1,6,
2016-10-17T14:53:37+11:00,127.0.0.1,15,
2016-10-17T14:53:37+11:00,127.0.0.1,6,
2016-10-17T14:54:19+11:00,127.0.0.1,15,
2016-10-17T14:54:19+11:00,127.0.0.1,6,
2016-10-17T14:58:10+11:00,127.0.0.1,15,
2016-10-17T14:58:10+11:00,127.0.0.1,6,
2016-10-17T14:58:30+11:00,127.0.0.1,15,
2016-10-17T14:58:30+11:00,127.0.0.1,6,
2016-10-17T15:00:55+11:00,127.0.0.1,15,
2016-10-17T15:00:55+11:00,127.0.0.1,6,
2016-10-17T15:02:33+11:00,127.0.0.1,15,
2016-10-17T15:02:33+11:00,127.0.0.1,6,
2016-10-17T15:04:04+11:00,127.0.0.1,15,
2016-10-17T15:04:04+11:00,127.0.0.1,6,
2016-10-17T15:04:38+11:00,127.0.0.1,15,
2016-10-17T15:04:38+11:00,127.0.0.1,6,
2016-10-17T15:04:57+11:00,127.0.0.1,15,
2016-10-17T15:04:57+11:00,127.0.0.1,6,
2016-10-17T15:05:22+11:00,127.0.0.1,15,
2016-10-17T15:05:22+11:00,127.0.0.1,6,
2016-10-17T15:05:41+11:00,127.0.0.1,15,
2016-10-17T15:05:41+11:00,127.0.0.1,6,
2016-10-17T15:09:20+11:00,127.0.0.1,15,
2016-10-17T15:09:20+11:00,127.0.0.1,6,
2016-10-17T15:10:06+11:00,127.0.0.1,15,
2016-10-17T15:10:06+11:00,127.0.0.1,6,
2016-10-17T15:10:06+11:00,127.0.0.1,18,
2016-10-17T16:20:28+11:00,192.168.1.184,1337,
2016-10-17T16:20:28+11:00,192.168.1.184,1337,
2016-10-17T16:20:28+11:00,192.168.1.184,1326,
2016-10-17T16:20:28+11:00,192.168.1.184,50,
2016-10-17T16:20:28+11:00,192.168.1.184,50,
2016-10-17T16:20:28+11:00,192.168.1.184,50,
2016-10-17T16:20:28+11:00,192.168.1.184,1337,
2016-10-17T16:20:28+11:00,192.168.1.184,1337,
2016-10-17T16:20:28+11:00,192.168.1.184,1326,
2016-10-17T16:20:28+11:00,127.0.0.1,15,
2016-10-17T16:20:28+11:00,127.0.0.1,15,
2016-10-17T16:20:28+11:00,127.0.0.1,6,
2016-10-17T16:20:28+11:00,127.0.0.1,18,
2016-10-17T16:20:28+11:00,8.8.8.8,43,
2016-10-17T16:20:28+11:00,127.0.0.1,6,
2016-10-17T16:20:37+11:00,192.168.1.184,1337,
2016-10-17T16:20:37+11:00,192.168.1.184,1337,
2016-10-17T16:20:37+11:00,192.168.1.184,1326,
2016-10-17T16:20:37+11:00,192.168.1.184,50,
2016-10-17T16:20:37+11:00,192.168.1.184,50,
2016-10-17T16:20:37+11:00,192.168.1.184,50,
2016-10-17T16:20:38+11:00,192.168.1.184,1337,
2016-10-17T16:20:38+11:00,192.168.1.184,1337,
2016-10-17T16:20:38+11:00,192.168.1.184,1326,
2016-10-17T16:20:38+11:00,127.0.0.1,15,
2016-10-17T16:20:38+11:00,8.8.8.8,43,
2016-10-17T16:20:38+11:00,127.0.0.1,6,
2016-10-17T16:20:47+11:00,127.0.0.1,15,
2016-10-17T16:29:37+11:00,127.0.0.1,15,
2016-10-17T17:48:26+11:00,127.0.0.1,15,
2016-10-17T17:48:56+11:00,127.0.0.1,15,
2016-10-17T17:49:07+11:00,127.0.0.1,15,
2016-10-17T17:52:16+11:00,192.168.1.184,50,
2016-10-17T17:52:16+11:00,192.168.1.184,50,
2016-10-17T17:52:16+11:00,192.168.1.184,50,
2016-10-17T17:52:37+11:00,127.0.0.1,15,
2016-10-17T17:52:37+11:00,127.0.0.1,6,
2016-10-17T17:53:24+11:00,127.0.0.1,15,
2016-10-17T17:53:24+11:00,127.0.0.1,6,
2016-10-17T17:53:24+11:00,127.0.0.1,18,
2016-10-17T17:53:59+11:00,127.0.0.1,15,
2016-10-17T17:53:59+11:00,127.0.0.1,6,
2016-10-17T17:53:59+11:00,127.0.0.1,18,
2016-10-17T17:55:06+11:00,127.0.0.1,15,
2016-10-17T17:55:06+11:00,127.0.0.1,6,
2016-10-17T17:55:06+11:00,127.0.0.1,18,
2016-10-17T17:59:36+11:00,127.0.0.1,15,
2016-10-17T17:59:36+11:00,127.0.0.1,6,
2016-10-17T17:59:36+11:00,127.0.0.1,18,
2016-10-17T17:59:36+11:00,127.0.0.1,6,
2016-10-17T18:06:51+11:00,127.0.0.1,15,
2016-10-17T18:06:51+11:00,127.0.0.1,6,
2016-10-17T18:06:51+11:00,127.0.0.1,18,
2016-10-17T18:06:51+11:00,127.0.0.1,6,
2016-10-17T18:06:51+11:00,127.0.0.1,58,
2016-10-17T18:11:16+11:00,127.0.0.1,15,
2016-10-17T18:11:16+11:00,127.0.0.1,6,
2016-10-17T18:11:16+11:00,127.0.0.1,18,
2016-10-17T18:11:16+11:00,127.0.0.1,6,
2016-10-17T18:11:16+11:00,127.0.0.1,58,
2016-10-17T18:11:50+11:00,127.0.0.1,15,
2016-10-17T18:11:50+11:00,127.0.0.1,6,
2016-10-17T18:11:50+11:00,127.0.0.1,18,
2016-10-17T18:11:50+11:00,127.0.0.1,6,
2016-10-17T18:11:50+11:00,127.0.0.1,58,
2016-10-17T18:15:04+11:00,127.0.0.1,15,
2016-10-17T18:15:04+11:00,127.0.0.1,6,
2016-10-17T18:15:04+11:00,127.0.0.1,18,
2016-10-17T18:15:04+11:00,127.0.0.1,6,
2016-10-17T18:15:04+11:00,127.0.0.1,58,
2016-10-17T18:16:00+11:00,127.0.0.1,15,
2016-10-17T18:16:00+11:00,127.0.0.1,6,
2016-10-17T18:16:00+11:00,127.0.0.1,18,
2016-10-17T18:16:00+11:00,127.0.0.1,6,
2016-10-17T18:16:00+11:00,127.0.0.1,58,
2016-10-17T18:16:22+11:00,127.0.0.1,15,
2016-10-17T18:16:22+11:00,127.0.0.1,6,
2016-10-17T18:16:22+11:00,127.0.0.1,18,
2016-10-17T18:16:22+11:00,127.0.0.1,6,
2016-10-17T18:16:22+11:00,127.0.0.1,58,
2016-10-17T18:16:30+11:00,127.0.0.1,15,
2016-10-17T18:16:30+11:00,127.0.0.1,6,
2016-10-17T18:16:30+11:00,127.0.0.1,18,
2016-10-17T18:16:30+11:00,127.0.0.1,6,
2016-10-17T18:16:30+11:00,127.0.0.1,58,
2016-10-17T18:17:14+11:00,127.0.0.1,15,
2016-10-17T18:17:14+11:00,127.0.0.1,6,
2016-10-17T18:17:14+11:00,127.0.0.1,18,
2016-10-17T18:17:14+11:00,127.0.0.1,6,
2016-10-17T18:17:14+11:00,127.0.0.1,58,
2016-10-17T18:17:17+11:00,127.0.0.1,15,
2016-10-17T18:17:17+11:00,127.0.0.1,6,
2016-10-17T18:17:17+11:00,127.0.0.1,18,
2016-10-17T18:17:17+11:00,127.0.0.1,6,
2016-10-17T18:17:17+11:00,127.0.0.1,58,
2016-10-17T18:17:20+11:00,127.0.0.1,15,
2016-10-17T18:17:20+11:00,127.0.0.1,6,
2016-10-17T18:17:20+11:00,127.0.0.1,18,
2016-10-17T18:17:20+11:00,127.0.0.1,6,
2016-10-17T18:17:20+11:00,127.0.0.1,58,
2016-10-17T18:17:24+11:00,127.0.0.1,15,
2016-10-17T18:17:24+11:00,127.0.0.1,6,
2016-10-17T18:17:24+11:00,127.0.0.1,18,
2016-10-17T18:17:24+11:00,127.0.0.1,6,
2016-10-17T18:17:24+11:00,127.0.0.1,58,
2016-10-17T18:17:25+11:00,127.0.0.1,15,
2016-10-17T18:17:25+11:00,127.0.0.1,6,
2016-10-17T18:17:25+11:00,127.0.0.1,18,
2016-10-17T18:17:25+11:00,127.0.0.1,6,
2016-10-17T18:17:25+11:00,127.0.0.1,58,
2016-10-17T18:17:57+11:00,127.0.0.1,15,
2016-10-17T18:17:57+11:00,127.0.0.1,6,
2016-10-17T18:17:57+11:00,127.0.0.1,18,
2016-10-17T18:17:57+11:00,127.0.0.1,6,
2016-10-17T18:17:57+11:00,127.0.0.1,58,
2016-10-17T18:17:59+11:00,127.0.0.1,15,
2016-10-17T18:17:59+11:00,127.0.0.1,6,
2016-10-17T18:17:59+11:00,127.0.0.1,18,
2016-10-17T18:17:59+11:00,127.0.0.1,6,
2016-10-17T18:17:59+11:00,127.0.0.1,58,
2016-10-17T18:18:01+11:00,127.0.0.1,15,
2016-10-17T18:18:01+11:00,127.0.0.1,6,
2016-10-17T18:18:01+11:00,127.0.0.1,18,
2016-10-17T18:18:01+11:00,127.0.0.1,6,
2016-10-17T18:18:01+11:00,127.0.0.1,58,
2016-10-17T18:18:03+11:00,127.0.0.1,15,
2016-10-17T18:18:03+11:00,127.0.0.1,6,
2016-10-17T18:18:03+11:00,127.0.0.1,18,
2016-10-17T18:18:03+11:00,127.0.0.1,6,
2016-10-17T18:18:03+11:00,127.0.0.1,58,
2016-10-17T18:18:50+11:00,192.168.1.184,1337,
2016-10-17T18:18:50+11:00,192.168.1.184,1337,
2016-10-17T18:18:50+11:00,192.168.1.184,1326,
2016-10-17T18:18:50+11:00,192.168.1.184,50,
2016-10-17T18:18:50+11:00,192.168.1.184,50,
2016-10-17T18:18:50+11:00,192.168.1.184,50,
2016-10-17T18:18:50+11:00,192.168.1.184,1337,
2016-10-17T18:18:50+11:00,192.168.1.184,1337,
2016-10-17T18:18:50+11:00,192.168.1.184,1326,
2016-10-17T18:18:50+11:00,127.0.0.1,15,
2016-10-17T18:18:50+11:00,127.0.0.1,6,
2016-10-17T18:18:50+11:00,127.0.0.1,15,
2016-10-17T18:18:50+11:00,127.0.0.1,6,
2016-10-17T18:18:50+11:00,127.0.0.1,18,
2016-10-17T18:18:50+11:00,127.0.0.1,6,
2016-10-17T18:18:50+11:00,127.0.0.1,58,
2016-10-17T18:18:51+11:00,8.8.8.8,43,
2016-10-17T18:18:51+11:00,127.0.0.1,6,
2016-10-17T18:18:54+11:00,192.168.1.184,1337,
2016-10-17T18:18:54+11:00,192.168.1.184,1337,
2016-10-17T18:18:54+11:00,192.168.1.184,1326,
2016-10-17T18:18:54+11:00,192.168.1.184,50,
2016-10-17T18:18:54+11:00,192.168.1.184,50,
2016-10-17T18:18:54+11:00,192.168.1.184,50,
2016-10-17T18:18:55+11:00,192.168.1.184,1337,
2016-10-17T18:18:55+11:00,192.168.1.184,1337,
2016-10-17T18:18:55+11:00,192.168.1.184,1326,
2016-10-17T18:18:55+11:00,127.0.0.1,15,
2016-10-17T18:18:55+11:00,127.0.0.1,6,
2016-10-17T18:18:55+11:00,127.0.0.1,15,
2016-10-17T18:18:55+11:00,127.0.0.1,6,
2016-10-17T18:18:55+11:00,127.0.0.1,18,
2016-10-17T18:18:55+11:00,127.0.0.1,6,
2016-10-17T18:18:55+11:00,127.0.0.1,58,
2016-10-17T18:18:55+11:00,127.0.0.1,6,
2016-10-17T18:18:57+11:00,192.168.1.184,1337,
2016-10-17T18:18:57+11:00,192.168.1.184,1337,
2016-10-17T18:18:57+11:00,192.168.1.184,1326,
2016-10-17T18:18:57+11:00,192.168.1.184,50,
2016-10-17T18:18:57+11:00,192.168.1.184,50,
2016-10-17T18:18:57+11:00,192.168.1.184,50,
2016-10-17T18:18:57+11:00,192.168.1.184,1337,
2016-10-17T18:18:57+11:00,192.168.1.184,1337,
2016-10-17T18:18:57+11:00,192.168.1.184,1326,
2016-10-17T18:18:57+11:00,127.0.0.1,15,
2016-10-17T18:18:57+11:00,127.0.0.1,6,
2016-10-17T18:18:57+11:00,127.0.0.1,15,
2016-10-17T18:18:57+11:00,127.0.0.1,6,
2016-10-17T18:18:57+11:00,127.0.0.1,18,
2016-10-17T18:18:57+11:00,127.0.0.1,6,
2016-10-17T18:18:57+11:00,127.0.0.1,58,
2016-10-17T18:18:58+11:00,8.8.8.8,43,
2016-10-17T18:18:58+11:00,127.0.0.1,6,
2016-10-17T18:19:48+11:00,127.0.0.1,15,
2016-10-17T18:19:48+11:00,127.0.0.1,6,
2016-10-17T18:19:48+11:00,127.0.0.1,18,
2016-10-17T18:19:48+11:00,127.0.0.1,6,
2016-10-17T18:19:48+11:00,127.0.0.1,58,
2016-10-17T18:20:02+11:00,127.0.0.1,15,
2016-10-17T18:20:02+11:00,127.0.0.1,6,
2016-10-17T18:20:02+11:00,127.0.0.1,18,
2016-10-17T18:20:02+11:00,127.0.0.1,6,
2016-10-17T18:20:02+11:00,127.0.0.1,58,
2016-10-17T18:20:09+11:00,192.168.1.184,1337,
2016-10-17T18:20:09+11:00,192.168.1.184,1337,
2016-10-17T18:20:09+11:00,192.168.1.184,1326,
2016-10-17T18:20:09+11:00,192.168.1.184,50,
2016-10-17T18:20:09+11:00,192.168.1.184,50,
2016-10-17T18:20:09+11:00,192.168.1.184,50,
2016-10-17T18:20:09+11:00,192.168.1.184,1337,
2016-10-17T18:20:09+11:00,192.168.1.184,1337,
2016-10-17T18:20:09+11:00,192.168.1.184,1326,
2016-10-17T18:20:09+11:00,127.0.0.1,15,
2016-10-17T18:20:09+11:00,127.0.0.1,6,
2016-10-17T18:20:09+11:00,127.0.0.1,15,
2016-10-17T18:20:09+11:00,127.0.0.1,6,
2016-10-17T18:20:09+11:00,127.0.0.1,18,
2016-10-17T18:20:09+11:00,127.0.0.1,6,
2016-10-17T18:20:09+11:00,127.0.0.1,58,
2016-10-17T18:20:09+11:00,8.8.8.8,43,
2016-10-17T18:20:09+11:00,127.0.0.1,6,
2016-10-17T18:20:12+11:00,192.168.1.184,1337,
2016-10-17T18:20:12+11:00,192.168.1.184,1337,
2016-10-17T18:20:12+11:00,192.168.1.184,1326,
2016-10-17T18:20:12+11:00,192.168.1.184,50,
2016-10-17T18:20:12+11:00,192.168.1.184,50,
2016-10-17T18:20:12+11:00,192.168.1.184,50,
2016-10-17T18:20:12+11:00,192.168.1.184,1337,
2016-10-17T18:20:12+11:00,192.168.1.184,1337,
2016-10-17T18:20:12+11:00,192.168.1.184,1326,
2016-10-17T18:20:12+11:00,127.0.0.1,15,
2016-10-17T18:20:12+11:00,127.0.0.1,6,
2016-10-17T18:20:12+11:00,127.0.0.1,15,
2016-10-17T18:20:12+11:00,127.0.0.1,6,
2016-10-17T18:20:12+11:00,127.0.0.1,18,
2016-10-17T18:20:12+11:00,127.0.0.1,6,
2016-10-17T18:20:12+11:00,127.0.0.1,58,
2016-10-17T18:20:13+11:00,8.8.8.8,43,
2016-10-17T18:20:13+11:00,127.0.0.1,6,
2016-10-17T18:20:15+11:00,192.168.1.184,1337,
2016-10-17T18:20:15+11:00,192.168.1.184,1337,
2016-10-17T18:20:15+11:00,192.168.1.184,1326,
2016-10-17T18:20:15+11:00,192.168.1.184,50,
2016-10-17T18:20:15+11:00,192.168.1.184,50,
2016-10-17T18:20:15+11:00,192.168.1.184,50,
2016-10-17T18:20:15+11:00,192.168.1.184,1337,
2016-10-17T18:20:15+11:00,192.168.1.184,1337,
2016-10-17T18:20:15+11:00,192.168.1.184,1326,
2016-10-17T18:20:15+11:00,127.0.0.1,15,
2016-10-17T18:20:15+11:00,127.0.0.1,6,
2016-10-17T18:20:15+11:00,127.0.0.1,15,
2016-10-17T18:20:15+11:00,127.0.0.1,6,
2016-10-17T18:20:15+11:00,127.0.0.1,18,
2016-10-17T18:20:15+11:00,127.0.0.1,6,
2016-10-17T18:20:15+11:00,127.0.0.1,58,
2016-10-17T18:20:15+11:00,127.0.0.1,6,
2016-10-17T18:20:19+11:00,192.168.1.184,1337,
2016-10-17T18:20:19+11:00,192.168.1.184,1337,
2016-10-17T18:20:19+11:00,192.168.1.184,1326,
2016-10-17T18:20:19+11:00,192.168.1.184,50,
2016-10-17T18:20:19+11:00,192.168.1.184,50,
2016-10-17T18:20:19+11:00,192.168.1.184,50,
2016-10-17T18:20:19+11:00,192.168.1.184,1337,
2016-10-17T18:20:19+11:00,192.168.1.184,1337,
2016-10-17T18:20:19+11:00,192.168.1.184,1326,
2016-10-17T18:20:19+11:00,127.0.0.1,15,
2016-10-17T18:20:19+11:00,127.0.0.1,6,
2016-10-17T18:20:19+11:00,127.0.0.1,15,
2016-10-17T18:20:19+11:00,127.0.0.1,6,
2016-10-17T18:20:20+11:00,127.0.0.1,18,
2016-10-17T18:20:20+11:00,127.0.0.1,6,
2016-10-17T18:20:20+11:00,127.0.0.1,58,
2016-10-17T18:20:20+11:00,8.8.8.8,43,
2016-10-17T18:20:20+11:00,127.0.0.1,6,
2016-10-17T18:20:29+11:00,192.168.1.184,1337,
2016-10-17T18:20:29+11:00,192.168.1.184,1337,
2016-10-17T18:20:29+11:00,192.168.1.184,1326,
2016-10-17T18:20:29+11:00,192.168.1.184,50,
2016-10-17T18:20:29+11:00,192.168.1.184,50,
2016-10-17T18:20:29+11:00,192.168.1.184,50,
2016-10-17T18:20:29+11:00,192.168.1.184,1337,
2016-10-17T18:20:29+11:00,192.168.1.184,1337,
2016-10-17T18:20:29+11:00,192.168.1.184,1326,
2016-10-17T18:20:29+11:00,127.0.0.1,15,
2016-10-17T18:20:29+11:00,127.0.0.1,6,
2016-10-17T18:20:29+11:00,127.0.0.1,15,
2016-10-17T18:20:29+11:00,127.0.0.1,6,
2016-10-17T18:20:29+11:00,127.0.0.1,18,
2016-10-17T18:20:29+11:00,127.0.0.1,6,
2016-10-17T18:20:29+11:00,127.0.0.1,58,
2016-10-17T18:20:30+11:00,127.0.0.1,6,
2016-10-17T18:20:32+11:00,192.168.1.184,1337,
2016-10-17T18:20:32+11:00,192.168.1.184,1337,
2016-10-17T18:20:32+11:00,192.168.1.184,1326,
2016-10-17T18:20:32+11:00,192.168.1.184,50,
2016-10-17T18:20:32+11:00,192.168.1.184,50,
2016-10-17T18:20:32+11:00,192.168.1.184,50,
2016-10-17T18:20:32+11:00,192.168.1.184,1337,
2016-10-17T18:20:32+11:00,192.168.1.184,1337,
2016-10-17T18:20:32+11:00,192.168.1.184,1326,
2016-10-17T18:20:32+11:00,127.0.0.1,15,
2016-10-17T18:20:32+11:00,127.0.0.1,6,
2016-10-17T18:20:32+11:00,127.0.0.1,15,
2016-10-17T18:20:32+11:00,127.0.0.1,6,
2016-10-17T18:20:32+11:00,127.0.0.1,18,
2016-10-17T18:20:32+11:00,127.0.0.1,6,
2016-10-17T18:20:32+11:00,127.0.0.1,58,
2016-10-17T18:20:32+11:00,8.8.8.8,43,
2016-10-17T18:20:32+11:00,127.0.0.1,6,
2016-10-17T18:20:36+11:00,192.168.1.184,1337,
2016-10-17T18:20:36+11:00,192.168.1.184,1337,
2016-10-17T18:20:36+11:00,192.168.1.184,1326,
2016-10-17T18:20:36+11:00,192.168.1.184,50,
2016-10-17T18:20:36+11:00,192.168.1.184,50,
2016-10-17T18:20:36+11:00,192.168.1.184,50,
2016-10-17T18:20:36+11:00,192.168.1.184,1337,
2016-10-17T18:20:36+11:00,192.168.1.184,1337,
2016-10-17T18:20:36+11:00,192.168.1.184,1326,
2016-10-17T18:20:36+11:00,127.0.0.1,15,
2016-10-17T18:20:36+11:00,127.0.0.1,6,
2016-10-17T18:20:36+11:00,127.0.0.1,15,
2016-10-17T18:20:36+11:00,127.0.0.1,6,
2016-10-17T18:20:36+11:00,127.0.0.1,18,
2016-10-17T18:20:36+11:00,127.0.0.1,6,
2016-10-17T18:20:36+11:00,127.0.0.1,58,
2016-10-17T18:20:36+11:00,8.8.8.8,43,
2016-10-17T18:20:36+11:00,127.0.0.1,6,
2016-10-17T18:20:38+11:00,192.168.1.184,1337,
2016-10-17T18:20:38+11:00,192.168.1.184,1337,
2016-10-17T18:20:38+11:00,192.168.1.184,1326,
2016-10-17T18:20:39+11:00,192.168.1.184,50,
2016-10-17T18:20:39+11:00,192.168.1.184,50,
2016-10-17T18:20:39+11:00,192.168.1.184,50,
2016-10-17T18:20:39+11:00,192.168.1.184,1337,
2016-10-17T18:20:39+11:00,192.168.1.184,1337,
2016-10-17T18:20:39+11:00,192.168.1.184,1326,
2016-10-17T18:20:39+11:00,127.0.0.1,15,
2016-10-17T18:20:39+11:00,127.0.0.1,6,
2016-10-17T18:20:39+11:00,127.0.0.1,15,
2016-10-17T18:20:39+11:00,127.0.0.1,6,
2016-10-17T18:20:39+11:00,127.0.0.1,18,
2016-10-17T18:20:39+11:00,127.0.0.1,6,
2016-10-17T18:20:39+11:00,127.0.0.1,58,
2016-10-17T18:20:39+11:00,8.8.8.8,43,
2016-10-17T18:20:39+11:00,127.0.0.1,6,
2016-10-17T18:20:43+11:00,192.168.1.184,1337,
2016-10-17T18:20:43+11:00,192.168.1.184,1337,
2016-10-17T18:20:43+11:00,192.168.1.184,1326,
2016-10-17T18:20:43+11:00,192.168.1.184,50,
2016-10-17T18:20:43+11:00,192.168.1.184,50,
2016-10-17T18:20:43+11:00,192.168.1.184,50,
2016-10-17T18:20:43+11:00,192.168.1.184,1337,
2016-10-17T18:20:43+11:00,192.168.1.184,1337,
2016-10-17T18:20:43+11:00,192.168.1.184,1326,
2016-10-17T18:20:43+11:00,127.0.0.1,15,
2016-10-17T18:20:43+11:00,127.0.0.1,6,
2016-10-17T18:20:43+11:00,127.0.0.1,15,
2016-10-17T18:20:43+11:00,127.0.0.1,6,
2016-10-17T18:20:43+11:00,127.0.0.1,18,
2016-10-17T18:20:43+11:00,127.0.0.1,6,
2016-10-17T18:20:43+11:00,127.0.0.1,58,
2016-10-17T18:20:43+11:00,8.8.8.8,43,
2016-10-17T18:20:43+11:00,127.0.0.1,6,
2016-10-17T18:21:25+11:00,192.168.1.184,1337,
2016-10-17T18:21:25+11:00,192.168.1.184,1337,
2016-10-17T18:21:25+11:00,192.168.1.184,1326,
2016-10-17T18:21:25+11:00,192.168.1.184,50,
2016-10-17T18:21:25+11:00,192.168.1.184,50,
2016-10-17T18:21:25+11:00,192.168.1.184,50,
2016-10-17T18:21:25+11:00,192.168.1.184,1337,
2016-10-17T18:21:25+11:00,192.168.1.184,1337,
2016-10-17T18:21:25+11:00,192.168.1.184,1326,
2016-10-17T18:21:25+11:00,127.0.0.1,15,
2016-10-17T18:21:25+11:00,127.0.0.1,6,
2016-10-17T18:21:25+11:00,127.0.0.1,15,
2016-10-17T18:21:25+11:00,127.0.0.1,6,
2016-10-17T18:21:25+11:00,127.0.0.1,18,
2016-10-17T18:21:25+11:00,127.0.0.1,6,
2016-10-17T18:21:25+11:00,127.0.0.1,58,
2016-10-17T18:21:25+11:00,8.8.8.8,43,
2016-10-17T18:21:26+11:00,127.0.0.1,6,
2016-10-17T18:21:51+11:00,192.168.1.184,1337,
2016-10-17T18:21:51+11:00,192.168.1.184,1337,
2016-10-17T18:21:51+11:00,192.168.1.184,1326,
2016-10-17T18:25:16+11:00,192.168.1.184,1337,
2016-10-17T18:25:43+11:00,192.168.1.184,1337,
2016-10-17T18:25:43+11:00,192.168.1.184,1337,
2016-10-17T18:25:43+11:00,192.168.1.184,1326,
2016-10-17T18:27:51+11:00,192.168.1.184,1337,
2016-10-17T18:27:51+11:00,192.168.1.184,1337,
2016-10-17T18:27:51+11:00,192.168.1.184,1326,
2016-10-17T18:27:59+11:00,192.168.1.184,1337,
2016-10-17T18:27:59+11:00,192.168.1.184,1337,
2016-10-17T18:27:59+11:00,192.168.1.184,1326,
2016-10-17T18:28:36+11:00,192.168.1.184,1337,
2016-10-17T18:28:36+11:00,192.168.1.184,1337,
2016-10-17T18:28:36+11:00,192.168.1.184,1326,
2016-10-17T18:32:28+11:00,192.168.1.184,1337,
2016-10-17T18:32:28+11:00,192.168.1.184,1337,
2016-10-17T18:32:28+11:00,192.168.1.184,1326,
2016-10-17T18:33:32+11:00,192.168.1.184,1337,
2016-10-17T18:33:32+11:00,192.168.1.184,1337,
2016-10-17T18:33:32+11:00,192.168.1.184,1326,
2016-10-17T18:35:39+11:00,192.168.1.184,1337,
2016-10-17T18:36:40+11:00,192.168.1.184,1337,
2016-10-17T18:37:12+11:00,192.168.1.184,1337,
2016-10-17T18:37:12+11:00,192.168.1.184,1337,
2016-10-17T18:37:12+11:00,192.168.1.184,1326,
2016-10-17T18:37:43+11:00,192.168.1.184,50,
2016-10-17T18:37:43+11:00,192.168.1.184,50,
2016-10-17T18:37:43+11:00,192.168.1.184,1337,
2016-10-17T18:37:43+11:00,192.168.1.184,1337,
2016-10-17T18:37:43+11:00,192.168.1.184,50,
2016-10-17T18:37:43+11:00,192.168.1.184,1326,
2016-10-17T18:37:43+11:00,127.0.0.1,6,
2016-10-17T18:37:43+11:00,127.0.0.1,15,
2016-10-17T18:37:43+11:00,192.168.1.184,1337,
2016-10-17T18:37:43+11:00,192.168.1.184,1337,
2016-10-17T18:37:43+11:00,192.168.1.184,1326,
2016-10-17T18:37:43+11:00,127.0.0.1,15,
2016-10-17T18:37:45+11:00,192.168.1.184,50,
2016-10-17T18:37:45+11:00,192.168.1.184,1337,
2016-10-17T18:37:45+11:00,192.168.1.184,1337,
2016-10-17T18:37:45+11:00,192.168.1.184,1326,
2016-10-17T18:37:45+11:00,192.168.1.184,50,
2016-10-17T18:37:45+11:00,192.168.1.184,50,
2016-10-17T18:37:45+11:00,127.0.0.1,6,
2016-10-17T18:37:45+11:00,127.0.0.1,15,
2016-10-17T18:37:45+11:00,127.0.0.1,15,
2016-10-17T18:37:45+11:00,192.168.1.184,1337,
2016-10-17T18:37:45+11:00,192.168.1.184,1337,
2016-10-17T18:37:45+11:00,192.168.1.184,1326,
2016-10-17T18:37:52+11:00,192.168.1.184,1337,
2016-10-17T18:37:52+11:00,192.168.1.184,1337,
2016-10-17T18:37:52+11:00,192.168.1.184,1326,
2016-10-17T18:37:52+11:00,192.168.1.184,50,
2016-10-17T18:37:52+11:00,192.168.1.184,50,
2016-10-17T18:37:52+11:00,192.168.1.184,50,
2016-10-17T18:37:52+11:00,192.168.1.184,1337,
2016-10-17T18:37:52+11:00,192.168.1.184,1337,
2016-10-17T18:37:52+11:00,192.168.1.184,1326,
2016-10-17T18:37:52+11:00,127.0.0.1,15,
2016-10-17T18:37:52+11:00,127.0.0.1,15,
2016-10-17T18:37:52+11:00,127.0.0.1,6,
2016-10-17T18:37:56+11:00,127.0.0.1,15,
2016-10-17T18:37:59+11:00,127.0.0.1,15,
2016-10-17T18:38:56+11:00,192.168.1.184,1337,
2016-10-17T18:38:56+11:00,192.168.1.184,1337,
2016-10-17T18:38:56+11:00,192.168.1.184,1326,
2016-10-17T18:39:05+11:00,192.168.1.184,1337,
2016-10-17T18:39:05+11:00,192.168.1.184,1337,
2016-10-17T18:39:05+11:00,192.168.1.184,1326,
2016-10-17T18:39:10+11:00,127.0.0.1,15,
2016-10-17T18:42:56+11:00,192.168.1.184,1337,
2016-10-17T18:42:56+11:00,192.168.1.184,1337,
2016-10-17T18:42:56+11:00,192.168.1.184,1326,
2016-10-17T18:43:01+11:00,127.0.0.1,15,
2016-10-17T18:43:01+11:00,127.0.0.1,6,
2016-10-17T18:43:01+11:00,127.0.0.1,18,
2016-10-17T18:43:01+11:00,127.0.0.1,6,
2016-10-17T18:43:01+11:00,127.0.0.1,58,
2016-10-17T18:43:04+11:00,192.168.1.184,1337,
2016-10-17T18:43:04+11:00,192.168.1.184,1337,
2016-10-17T18:43:04+11:00,192.168.1.184,1326,
2016-10-17T18:43:04+11:00,192.168.1.184,50,
2016-10-17T18:43:04+11:00,192.168.1.184,50,
2016-10-17T18:43:04+11:00,192.168.1.184,50,
2016-10-17T18:43:04+11:00,192.168.1.184,1337,
2016-10-17T18:43:04+11:00,192.168.1.184,1337,
2016-10-17T18:43:04+11:00,192.168.1.184,1326,
2016-10-17T18:43:04+11:00,127.0.0.1,15,
2016-10-17T18:43:04+11:00,127.0.0.1,6,
2016-10-17T18:43:04+11:00,127.0.0.1,15,
2016-10-17T18:43:04+11:00,127.0.0.1,6,
2016-10-17T18:43:04+11:00,127.0.0.1,18,
2016-10-17T18:43:04+11:00,127.0.0.1,6,
2016-10-17T18:43:04+11:00,127.0.0.1,58,
2016-10-17T18:43:04+11:00,8.8.8.8,43,
2016-10-17T18:43:04+11:00,127.0.0.1,6,
2016-10-17T18:43:09+11:00,192.168.1.184,1337,
2016-10-17T18:43:09+11:00,192.168.1.184,1337,
2016-10-17T18:43:09+11:00,192.168.1.184,1326,
2016-10-17T18:43:09+11:00,192.168.1.184,50,
2016-10-17T18:43:09+11:00,192.168.1.184,50,
2016-10-17T18:43:09+11:00,192.168.1.184,50,
2016-10-17T18:43:10+11:00,192.168.1.184,1337,
2016-10-17T18:43:10+11:00,192.168.1.184,1337,
2016-10-17T18:43:10+11:00,192.168.1.184,1326,
2016-10-17T18:43:10+11:00,127.0.0.1,15,
2016-10-17T18:43:10+11:00,127.0.0.1,6,
2016-10-17T18:43:10+11:00,127.0.0.1,15,
2016-10-17T18:43:10+11:00,127.0.0.1,6,
2016-10-17T18:43:10+11:00,127.0.0.1,18,
2016-10-17T18:43:10+11:00,127.0.0.1,6,
2016-10-17T18:43:10+11:00,127.0.0.1,58,
2016-10-17T18:43:10+11:00,8.8.8.8,43,
2016-10-17T18:43:10+11:00,127.0.0.1,6,
2016-10-17T18:43:12+11:00,192.168.1.184,1337,
2016-10-17T18:43:12+11:00,192.168.1.184,1337,
2016-10-17T18:43:12+11:00,192.168.1.184,1326,
2016-10-17T18:43:12+11:00,192.168.1.184,50,
2016-10-17T18:43:12+11:00,192.168.1.184,50,
2016-10-17T18:43:12+11:00,192.168.1.184,50,
2016-10-17T18:43:12+11:00,192.168.1.184,1337,
2016-10-17T18:43:12+11:00,192.168.1.184,1337,
2016-10-17T18:43:12+11:00,192.168.1.184,1326,
2016-10-17T18:43:12+11:00,127.0.0.1,15,
2016-10-17T18:43:12+11:00,127.0.0.1,6,
2016-10-17T18:43:12+11:00,127.0.0.1,15,
2016-10-17T18:43:12+11:00,127.0.0.1,6,
2016-10-17T18:43:12+11:00,127.0.0.1,18,
2016-10-17T18:43:12+11:00,127.0.0.1,6,
2016-10-17T18:43:12+11:00,127.0.0.1,58,
2016-10-17T18:43:12+11:00,8.8.8.8,43,
2016-10-17T18:43:12+11:00,127.0.0.1,6,
2016-10-17T18:43:14+11:00,192.168.1.184,1337,
2016-10-17T18:43:14+11:00,192.168.1.184,1337,
2016-10-17T18:43:14+11:00,192.168.1.184,1326,
2016-10-17T18:43:14+11:00,192.168.1.184,50,
2016-10-17T18:43:14+11:00,192.168.1.184,50,
2016-10-17T18:43:14+11:00,192.168.1.184,50,
2016-10-17T18:43:14+11:00,192.168.1.184,1337,
2016-10-17T18:43:14+11:00,192.168.1.184,1337,
2016-10-17T18:43:14+11:00,192.168.1.184,1326,
2016-10-17T18:43:14+11:00,127.0.0.1,15,
2016-10-17T18:43:14+11:00,127.0.0.1,6,
2016-10-17T18:43:14+11:00,127.0.0.1,15,
2016-10-17T18:43:14+11:00,127.0.0.1,6,
2016-10-17T18:43:14+11:00,127.0.0.1,18,
2016-10-17T18:43:14+11:00,127.0.0.1,6,
2016-10-17T18:43:14+11:00,127.0.0.1,58,
2016-10-17T18:43:14+11:00,8.8.8.8,43,
2016-10-17T18:43:14+11:00,127.0.0.1,6,
2016-10-17T18:44:10+11:00,192.168.1.184,1337,
2016-10-17T18:44:10+11:00,192.168.1.184,1337,
2016-10-17T18:44:10+11:00,192.168.1.184,1326,
2016-10-17T18:47:12+11:00,192.168.1.184,1337,
2016-10-17T18:47:12+11:00,192.168.1.184,1337,
2016-10-17T18:47:12+11:00,192.168.1.184,1326,
2016-10-17T18:50:01+11:00,192.168.1.184,1337,
2016-10-17T18:50:01+11:00,192.168.1.184,1337,
2016-10-17T18:50:01+11:00,192.168.1.184,1326,
2016-10-17T18:50:24+11:00,192.168.1.184,1337,
2016-10-17T18:50:24+11:00,192.168.1.184,1337,
2016-10-17T18:50:24+11:00,192.168.1.184,1326,
2016-10-17T18:50:46+11:00,192.168.1.184,1337,
2016-10-17T18:50:46+11:00,192.168.1.184,1337,
2016-10-17T18:50:46+11:00,192.168.1.184,1326,
2016-10-17T18:50:46+11:00,192.168.1.184,50,
2016-10-17T18:50:46+11:00,192.168.1.184,50,
2016-10-17T18:50:46+11:00,192.168.1.184,50,
2016-10-17T18:50:46+11:00,192.168.1.184,1337,
2016-10-17T18:50:46+11:00,192.168.1.184,1337,
2016-10-17T18:50:46+11:00,192.168.1.184,1326,
2016-10-17T18:50:46+11:00,127.0.0.1,15,
2016-10-17T18:50:46+11:00,127.0.0.1,6,
2016-10-17T18:50:46+11:00,127.0.0.1,15,
2016-10-17T18:50:46+11:00,127.0.0.1,6,
2016-10-17T18:50:46+11:00,127.0.0.1,18,
2016-10-17T18:50:46+11:00,127.0.0.1,6,
2016-10-17T18:50:46+11:00,127.0.0.1,58,
2016-10-17T18:50:47+11:00,8.8.8.8,43,
2016-10-17T18:50:47+11:00,127.0.0.1,6,
2016-10-17T18:51:29+11:00,192.168.1.184,1337,
2016-10-17T18:51:29+11:00,192.168.1.184,1337,
2016-10-17T18:51:29+11:00,192.168.1.184,1326,
2016-10-17T18:51:32+11:00,192.168.1.184,1337,
2016-10-17T18:51:32+11:00,192.168.1.184,1337,
2016-10-17T18:51:32+11:00,192.168.1.184,1326,
2016-10-17T18:51:32+11:00,192.168.1.184,50,
2016-10-17T18:51:32+11:00,192.168.1.184,50,
2016-10-17T18:51:32+11:00,192.168.1.184,50,
2016-10-17T18:51:32+11:00,192.168.1.184,1337,
2016-10-17T18:51:32+11:00,192.168.1.184,1337,
2016-10-17T18:51:32+11:00,192.168.1.184,1326,
2016-10-17T18:51:32+11:00,127.0.0.1,15,
2016-10-17T18:51:32+11:00,127.0.0.1,6,
2016-10-17T18:51:32+11:00,127.0.0.1,15,
2016-10-17T18:51:32+11:00,127.0.0.1,6,
2016-10-17T18:51:32+11:00,127.0.0.1,18,
2016-10-17T18:51:32+11:00,127.0.0.1,6,
2016-10-17T18:51:32+11:00,127.0.0.1,58,
2016-10-17T18:51:32+11:00,8.8.8.8,43,
2016-10-17T18:51:32+11:00,127.0.0.1,6,
2016-10-17T18:51:40+11:00,192.168.1.184,1337,
2016-10-17T18:51:40+11:00,192.168.1.184,1337,
2016-10-17T18:51:40+11:00,192.168.1.184,1326,
2016-10-17T18:51:40+11:00,192.168.1.184,50,
2016-10-17T18:51:40+11:00,192.168.1.184,50,
2016-10-17T18:51:40+11:00,192.168.1.184,50,
2016-10-17T18:51:40+11:00,192.168.1.184,1337,
2016-10-17T18:51:40+11:00,192.168.1.184,1337,
2016-10-17T18:51:40+11:00,192.168.1.184,1326,
2016-10-17T18:51:40+11:00,127.0.0.1,15,
2016-10-17T18:51:40+11:00,127.0.0.1,6,
2016-10-17T18:51:40+11:00,127.0.0.1,15,
2016-10-17T18:51:40+11:00,127.0.0.1,6,
2016-10-17T18:51:40+11:00,127.0.0.1,18,
2016-10-17T18:51:40+11:00,127.0.0.1,6,
2016-10-17T18:51:40+11:00,127.0.0.1,58,
2016-10-17T18:51:41+11:00,8.8.8.8,43,
2016-10-17T18:51:41+11:00,127.0.0.1,6,
2016-10-17T23:20:32+11:00,192.168.1.184,1337,
2016-10-17T23:20:32+11:00,192.168.1.184,50,
2016-10-17T23:20:32+11:00,192.168.1.184,1337,
2016-10-17T23:20:32+11:00,192.168.1.184,1326,
2016-10-17T23:20:32+11:00,192.168.1.184,50,
2016-10-17T23:20:32+11:00,192.168.1.184,50,
2016-10-17T23:20:32+11:00,127.0.0.1,6,
2016-10-17T23:20:32+11:00,127.0.0.1,15,
2016-10-17T23:20:32+11:00,127.0.0.1,6,
2016-10-17T23:20:32+11:00,127.0.0.1,15,
2016-10-17T23:20:32+11:00,127.0.0.1,6,
2016-10-17T23:20:32+11:00,127.0.0.1,18,
2016-10-17T23:20:32+11:00,127.0.0.1,6,
2016-10-17T23:20:32+11:00,127.0.0.1,58,
2016-10-17T23:20:32+11:00,192.168.1.184,1337,
2016-10-17T23:20:32+11:00,192.168.1.184,1337,
2016-10-17T23:20:32+11:00,192.168.1.184,1326,
2016-10-17T23:20:32+11:00,8.8.8.8,43,
2016-10-17T23:20:32+11:00,192.168.1.184,50,
2016-10-17T23:20:32+11:00,192.168.1.184,1337,
2016-10-17T23:20:32+11:00,192.168.1.184,1337,
2016-10-17T23:20:32+11:00,192.168.1.184,50,
2016-10-17T23:20:32+11:00,192.168.1.184,1326,
2016-10-17T23:20:32+11:00,192.168.1.184,50,
2016-10-17T23:20:32+11:00,127.0.0.1,6,
2016-10-17T23:20:33+11:00,127.0.0.1,15,
2016-10-17T23:20:33+11:00,127.0.0.1,6,
2016-10-17T23:20:33+11:00,127.0.0.1,15,
2016-10-17T23:20:33+11:00,192.168.1.184,1337,
2016-10-17T23:20:33+11:00,192.168.1.184,1337,
2016-10-17T23:20:33+11:00,192.168.1.184,1326,
2016-10-17T23:20:33+11:00,127.0.0.1,6,
2016-10-17T23:20:33+11:00,127.0.0.1,18,
2016-10-17T23:20:33+11:00,127.0.0.1,6,
2016-10-17T23:20:33+11:00,127.0.0.1,58,
2016-10-17T23:20:49+11:00,192.168.1.184,50,
2016-10-17T23:20:49+11:00,192.168.1.184,1337,
2016-10-17T23:20:49+11:00,192.168.1.184,1337,
2016-10-17T23:20:49+11:00,192.168.1.184,1326,
2016-10-17T23:20:49+11:00,192.168.1.184,50,
2016-10-17T23:20:49+11:00,192.168.1.184,50,
2016-10-17T23:20:49+11:00,127.0.0.1,6,
2016-10-17T23:20:50+11:00,127.0.0.1,15,
2016-10-17T23:20:50+11:00,127.0.0.1,15,
2016-10-17T23:20:50+11:00,127.0.0.1,6,
2016-10-17T23:20:50+11:00,127.0.0.1,6,
2016-10-17T23:20:50+11:00,127.0.0.1,18,
2016-10-17T23:20:50+11:00,127.0.0.1,6,
2016-10-17T23:20:50+11:00,127.0.0.1,58,
2016-10-17T23:20:50+11:00,192.168.1.184,1337,
2016-10-17T23:20:50+11:00,192.168.1.184,1337,
2016-10-17T23:20:50+11:00,192.168.1.184,1326,
2016-10-17T23:20:50+11:00,8.8.8.8,43,
2016-10-17T23:33:43+11:00,192.168.1.184,1337,
2016-10-17T23:33:43+11:00,192.168.1.184,1337,
2016-10-17T23:33:43+11:00,192.168.1.184,1326,
2016-10-17T23:33:43+11:00,192.168.1.184,50,
2016-10-17T23:33:43+11:00,192.168.1.184,50,
2016-10-17T23:33:43+11:00,192.168.1.184,50,
2016-10-17T23:33:43+11:00,192.168.1.184,1337,
2016-10-17T23:33:43+11:00,192.168.1.184,1337,
2016-10-17T23:33:43+11:00,192.168.1.184,1326,
2016-10-17T23:33:43+11:00,127.0.0.1,15,
2016-10-17T23:33:43+11:00,127.0.0.1,6,
2016-10-17T23:33:43+11:00,127.0.0.1,15,
2016-10-17T23:33:43+11:00,127.0.0.1,6,
2016-10-17T23:33:43+11:00,127.0.0.1,18,
2016-10-17T23:33:43+11:00,127.0.0.1,6,
2016-10-17T23:33:43+11:00,127.0.0.1,58,
2016-10-17T23:33:44+11:00,127.0.0.1,6,
2016-10-17T23:33:48+11:00,192.168.1.184,1337,
2016-10-17T23:33:48+11:00,192.168.1.184,1337,
2016-10-17T23:33:48+11:00,192.168.1.184,1326,
2016-10-17T23:33:48+11:00,192.168.1.184,50,
2016-10-17T23:33:48+11:00,192.168.1.184,50,
2016-10-17T23:33:48+11:00,192.168.1.184,50,
2016-10-17T23:33:48+11:00,192.168.1.184,1337,
2016-10-17T23:33:48+11:00,192.168.1.184,1337,
2016-10-17T23:33:48+11:00,192.168.1.184,1326,
2016-10-17T23:33:48+11:00,127.0.0.1,15,
2016-10-17T23:33:48+11:00,127.0.0.1,6,
2016-10-17T23:33:48+11:00,127.0.0.1,15,
2016-10-17T23:33:48+11:00,127.0.0.1,6,
2016-10-17T23:33:48+11:00,127.0.0.1,18,
2016-10-17T23:33:48+11:00,127.0.0.1,6,
2016-10-17T23:33:48+11:00,127.0.0.1,58,
2016-10-17T23:33:49+11:00,127.0.0.1,6,
2016-10-17T23:33:50+11:00,192.168.1.184,1337,
2016-10-17T23:33:50+11:00,192.168.1.184,1337,
2016-10-17T23:33:50+11:00,192.168.1.184,1326,
2016-10-17T23:33:50+11:00,192.168.1.184,50,
2016-10-17T23:33:50+11:00,192.168.1.184,50,
2016-10-17T23:33:50+11:00,192.168.1.184,50,
2016-10-17T23:33:51+11:00,192.168.1.184,1337,
2016-10-17T23:33:51+11:00,192.168.1.184,1337,
2016-10-17T23:33:51+11:00,192.168.1.184,1326,
2016-10-17T23:33:51+11:00,127.0.0.1,15,
2016-10-17T23:33:51+11:00,127.0.0.1,6,
2016-10-17T23:33:51+11:00,127.0.0.1,15,
2016-10-17T23:33:51+11:00,127.0.0.1,6,
2016-10-17T23:33:51+11:00,127.0.0.1,18,
2016-10-17T23:33:51+11:00,127.0.0.1,6,
2016-10-17T23:33:51+11:00,127.0.0.1,58,
2016-10-17T23:33:51+11:00,127.0.0.1,6,
2016-10-17T23:34:58+11:00,192.168.1.184,1337,
2016-10-17T23:34:58+11:00,192.168.1.184,1337,
2016-10-17T23:34:58+11:00,192.168.1.184,1326,
2016-10-17T23:34:58+11:00,192.168.1.184,50,
2016-10-17T23:34:58+11:00,192.168.1.184,50,
2016-10-17T23:34:58+11:00,192.168.1.184,50,
2016-10-17T23:34:58+11:00,192.168.1.184,1337,
2016-10-17T23:34:58+11:00,192.168.1.184,1337,
2016-10-17T23:34:58+11:00,192.168.1.184,1326,
2016-10-17T23:34:58+11:00,127.0.0.1,15,
2016-10-17T23:34:58+11:00,127.0.0.1,6,
2016-10-17T23:34:58+11:00,127.0.0.1,15,
2016-10-17T23:34:58+11:00,127.0.0.1,6,
2016-10-17T23:34:58+11:00,127.0.0.1,18,
2016-10-17T23:34:58+11:00,127.0.0.1,6,
2016-10-17T23:34:58+11:00,127.0.0.1,58,
2016-10-17T23:34:58+11:00,8.8.8.8,43,
2016-10-17T23:34:58+11:00,127.0.0.1,6,
2016-10-17T23:41:21+11:00,192.168.1.184,1337,
2016-10-17T23:41:21+11:00,192.168.1.184,1337,
2016-10-17T23:41:21+11:00,192.168.1.184,1326,
2016-10-17T23:41:21+11:00,192.168.1.184,50,
2016-10-17T23:41:21+11:00,192.168.1.184,50,
2016-10-17T23:41:21+11:00,192.168.1.184,50,
2016-10-17T23:41:21+11:00,192.168.1.184,1337,
2016-10-17T23:41:21+11:00,192.168.1.184,1337,
2016-10-17T23:41:21+11:00,192.168.1.184,1326,
2016-10-17T23:41:22+11:00,127.0.0.1,15,
2016-10-17T23:41:22+11:00,127.0.0.1,6,
2016-10-17T23:41:22+11:00,127.0.0.1,15,
2016-10-17T23:41:22+11:00,127.0.0.1,6,
2016-10-17T23:41:22+11:00,127.0.0.1,18,
2016-10-17T23:41:22+11:00,127.0.0.1,6,
2016-10-17T23:41:22+11:00,127.0.0.1,58,
2016-10-17T23:41:22+11:00,8.8.8.8,43,
2016-10-17T23:41:22+11:00,127.0.0.1,6,
2016-10-17T23:42:06+11:00,192.168.1.184,1337,
2016-10-17T23:42:06+11:00,192.168.1.184,1337,
2016-10-17T23:42:06+11:00,192.168.1.184,1326,
2016-10-17T23:42:06+11:00,192.168.1.184,50,
2016-10-17T23:42:06+11:00,192.168.1.184,50,
2016-10-17T23:42:06+11:00,192.168.1.184,50,
2016-10-17T23:42:06+11:00,192.168.1.184,1337,
2016-10-17T23:42:06+11:00,192.168.1.184,1337,
2016-10-17T23:42:06+11:00,192.168.1.184,1326,
2016-10-17T23:42:06+11:00,127.0.0.1,15,
2016-10-17T23:42:06+11:00,127.0.0.1,6,
2016-10-17T23:42:07+11:00,127.0.0.1,15,
2016-10-17T23:42:07+11:00,127.0.0.1,6,
2016-10-17T23:42:07+11:00,127.0.0.1,18,
2016-10-17T23:42:07+11:00,127.0.0.1,6,
2016-10-17T23:42:07+11:00,127.0.0.1,58,
2016-10-17T23:42:07+11:00,8.8.8.8,43,
2016-10-17T23:42:07+11:00,127.0.0.1,6,
2016-10-17T23:42:26+11:00,192.168.1.184,1337,
2016-10-17T23:42:26+11:00,192.168.1.184,1337,
2016-10-17T23:42:26+11:00,192.168.1.184,1326,
2016-10-17T23:42:26+11:00,192.168.1.184,50,
2016-10-17T23:42:26+11:00,192.168.1.184,50,
2016-10-17T23:42:26+11:00,192.168.1.184,50,
2016-10-17T23:42:26+11:00,192.168.1.184,1337,
2016-10-17T23:42:26+11:00,192.168.1.184,1337,
2016-10-17T23:42:26+11:00,192.168.1.184,1326,
2016-10-17T23:42:26+11:00,127.0.0.1,15,
2016-10-17T23:42:26+11:00,127.0.0.1,6,
2016-10-17T23:42:26+11:00,127.0.0.1,15,
2016-10-17T23:42:26+11:00,127.0.0.1,6,
2016-10-17T23:42:26+11:00,127.0.0.1,18,
2016-10-17T23:42:26+11:00,127.0.0.1,6,
2016-10-17T23:42:26+11:00,127.0.0.1,58,
2016-10-17T23:42:27+11:00,127.0.0.1,6,
2016-10-17T23:42:30+11:00,192.168.1.184,1337,
2016-10-17T23:42:30+11:00,192.168.1.184,1337,
2016-10-17T23:42:30+11:00,192.168.1.184,1326,
2016-10-17T23:42:30+11:00,192.168.1.184,50,
2016-10-17T23:42:30+11:00,192.168.1.184,50,
2016-10-17T23:42:30+11:00,192.168.1.184,50,
2016-10-17T23:42:30+11:00,192.168.1.184,1337,
2016-10-17T23:42:30+11:00,192.168.1.184,1337,
2016-10-17T23:42:30+11:00,192.168.1.184,1326,
2016-10-17T23:42:30+11:00,127.0.0.1,15,
2016-10-17T23:42:30+11:00,127.0.0.1,6,
2016-10-17T23:42:30+11:00,127.0.0.1,15,
2016-10-17T23:42:30+11:00,127.0.0.1,6,
2016-10-17T23:42:30+11:00,127.0.0.1,18,
2016-10-17T23:42:30+11:00,127.0.0.1,6,
2016-10-17T23:42:30+11:00,127.0.0.1,58,
2016-10-17T23:42:30+11:00,127.0.0.1,6,
2016-10-17T23:42:32+11:00,192.168.1.184,1337,
2016-10-17T23:42:32+11:00,192.168.1.184,1337,
2016-10-17T23:42:32+11:00,192.168.1.184,1326,
2016-10-17T23:42:32+11:00,192.168.1.184,50,
2016-10-17T23:42:32+11:00,192.168.1.184,50,
2016-10-17T23:42:32+11:00,192.168.1.184,50,
2016-10-17T23:42:32+11:00,192.168.1.184,1337,
2016-10-17T23:42:32+11:00,192.168.1.184,1337,
2016-10-17T23:42:32+11:00,192.168.1.184,1326,
2016-10-17T23:42:32+11:00,127.0.0.1,15,
2016-10-17T23:42:32+11:00,127.0.0.1,6,
2016-10-17T23:42:32+11:00,127.0.0.1,15,
2016-10-17T23:42:32+11:00,127.0.0.1,6,
2016-10-17T23:42:32+11:00,127.0.0.1,18,
2016-10-17T23:42:32+11:00,127.0.0.1,6,
2016-10-17T23:42:32+11:00,127.0.0.1,58,
2016-10-17T23:42:33+11:00,127.0.0.1,6,
2016-10-17T23:44:13+11:00,192.168.1.184,1337,
2016-10-17T23:44:13+11:00,192.168.1.184,1337,
2016-10-17T23:44:13+11:00,192.168.1.184,1326,
2016-10-17T23:44:13+11:00,192.168.1.184,50,
2016-10-17T23:44:13+11:00,192.168.1.184,50,
2016-10-17T23:44:13+11:00,192.168.1.184,50,
2016-10-17T23:44:13+11:00,192.168.1.184,1337,
2016-10-17T23:44:13+11:00,192.168.1.184,1337,
2016-10-17T23:44:13+11:00,192.168.1.184,1326,
2016-10-17T23:44:13+11:00,127.0.0.1,15,
2016-10-17T23:44:13+11:00,127.0.0.1,6,
2016-10-17T23:44:13+11:00,127.0.0.1,15,
2016-10-17T23:44:13+11:00,127.0.0.1,6,
2016-10-17T23:44:13+11:00,127.0.0.1,18,
2016-10-17T23:44:13+11:00,127.0.0.1,6,
2016-10-17T23:44:13+11:00,127.0.0.1,58,
2016-10-17T23:44:14+11:00,127.0.0.1,6,
2016-10-17T23:45:27+11:00,192.168.1.184,1337,
2016-10-17T23:45:27+11:00,192.168.1.184,1337,
2016-10-17T23:45:27+11:00,192.168.1.184,1326,
2016-10-17T23:45:27+11:00,192.168.1.184,50,
2016-10-17T23:45:27+11:00,192.168.1.184,50,
2016-10-17T23:45:27+11:00,192.168.1.184,50,
2016-10-17T23:45:27+11:00,192.168.1.184,1337,
2016-10-17T23:45:27+11:00,192.168.1.184,1337,
2016-10-17T23:45:27+11:00,192.168.1.184,1326,
2016-10-17T23:45:27+11:00,127.0.0.1,15,
2016-10-17T23:45:27+11:00,127.0.0.1,6,
2016-10-17T23:45:27+11:00,127.0.0.1,15,
2016-10-17T23:45:27+11:00,127.0.0.1,6,
2016-10-17T23:45:27+11:00,127.0.0.1,18,
2016-10-17T23:45:27+11:00,127.0.0.1,6,
2016-10-17T23:45:27+11:00,127.0.0.1,58,
2016-10-17T23:45:28+11:00,8.8.8.8,43,
2016-10-17T23:45:28+11:00,127.0.0.1,6,
2016-10-17T23:46:27+11:00,192.168.1.184,50,
2016-10-17T23:46:27+11:00,192.168.1.184,1337,
2016-10-17T23:46:27+11:00,192.168.1.184,50,
2016-10-17T23:46:27+11:00,192.168.1.184,1337,
2016-10-17T23:46:27+11:00,192.168.1.184,1326,
2016-10-17T23:46:27+11:00,192.168.1.184,50,
2016-10-17T23:46:27+11:00,192.168.1.184,1337,
2016-10-17T23:46:27+11:00,192.168.1.184,1337,
2016-10-17T23:46:27+11:00,192.168.1.184,1326,
2016-10-17T23:46:32+11:00,192.168.1.184,50,
2016-10-17T23:46:32+11:00,192.168.1.184,1337,
2016-10-17T23:46:32+11:00,192.168.1.184,1337,
2016-10-17T23:46:32+11:00,192.168.1.184,50,
2016-10-17T23:46:32+11:00,192.168.1.184,1326,
2016-10-17T23:46:32+11:00,192.168.1.184,50,
2016-10-17T23:46:32+11:00,127.0.0.1,6,
2016-10-17T23:46:32+11:00,8.8.8.8,43,
2016-10-17T23:46:32+11:00,127.0.0.1,15,
2016-10-17T23:46:32+11:00,127.0.0.1,6,
2016-10-17T23:46:32+11:00,127.0.0.1,15,
2016-10-17T23:46:32+11:00,192.168.1.184,1337,
2016-10-17T23:46:32+11:00,192.168.1.184,1337,
2016-10-17T23:46:32+11:00,192.168.1.184,1326,
2016-10-17T23:46:32+11:00,127.0.0.1,6,
2016-10-17T23:46:32+11:00,127.0.0.1,18,
2016-10-17T23:46:32+11:00,127.0.0.1,6,
2016-10-17T23:46:32+11:00,127.0.0.1,58,
2016-10-17T23:46:35+11:00,192.168.1.184,50,
2016-10-17T23:46:35+11:00,192.168.1.184,1337,
2016-10-17T23:46:35+11:00,192.168.1.184,1337,
2016-10-17T23:46:35+11:00,192.168.1.184,50,
2016-10-17T23:46:35+11:00,192.168.1.184,1326,
2016-10-17T23:46:35+11:00,192.168.1.184,50,
2016-10-17T23:46:35+11:00,127.0.0.1,6,
2016-10-17T23:46:35+11:00,127.0.0.1,15,
2016-10-17T23:46:35+11:00,192.168.1.184,1337,
2016-10-17T23:46:35+11:00,192.168.1.184,1337,
2016-10-17T23:46:35+11:00,192.168.1.184,1326,
2016-10-17T23:46:35+11:00,127.0.0.1,6,
2016-10-17T23:46:35+11:00,127.0.0.1,15,
2016-10-17T23:46:35+11:00,127.0.0.1,6,
2016-10-17T23:46:35+11:00,127.0.0.1,18,
2016-10-17T23:46:35+11:00,127.0.0.1,6,
2016-10-17T23:46:35+11:00,127.0.0.1,58,
2016-10-17T23:46:36+11:00,192.168.1.184,50,
2016-10-17T23:46:36+11:00,192.168.1.184,50,
2016-10-17T23:46:36+11:00,192.168.1.184,50,
2016-10-17T23:46:36+11:00,192.168.1.184,1337,
2016-10-17T23:46:36+11:00,192.168.1.184,1337,
2016-10-17T23:46:36+11:00,192.168.1.184,1326,
2016-10-17T23:46:36+11:00,127.0.0.1,6,
2016-10-17T23:46:36+11:00,127.0.0.1,15,
2016-10-17T23:46:36+11:00,8.8.8.8,43,
2016-10-17T23:46:37+11:00,127.0.0.1,6,
2016-10-17T23:46:37+11:00,192.168.1.184,1337,
2016-10-17T23:46:37+11:00,192.168.1.184,1337,
2016-10-17T23:46:37+11:00,192.168.1.184,1326,
2016-10-17T23:46:37+11:00,127.0.0.1,18,
2016-10-17T23:46:37+11:00,127.0.0.1,6,
2016-10-17T23:46:37+11:00,127.0.0.1,58,
2016-10-17T23:46:38+11:00,192.168.1.184,1337,
2016-10-17T23:46:38+11:00,192.168.1.184,1337,
2016-10-17T23:46:38+11:00,192.168.1.184,1326,
2016-10-17T23:46:38+11:00,192.168.1.184,50,
2016-10-17T23:46:38+11:00,192.168.1.184,50,
2016-10-17T23:46:38+11:00,127.0.0.1,6,
2016-10-17T23:46:38+11:00,127.0.0.1,15,
2016-10-17T23:46:38+11:00,127.0.0.1,6,
2016-10-17T23:46:38+11:00,8.8.8.8,43,
2016-10-17T23:46:38+11:00,127.0.0.1,15,
2016-10-17T23:46:38+11:00,192.168.1.184,1337,
2016-10-17T23:46:38+11:00,192.168.1.184,1337,
2016-10-17T23:46:38+11:00,192.168.1.184,1326,
2016-10-17T23:46:38+11:00,127.0.0.1,6,
2016-10-17T23:46:38+11:00,127.0.0.1,18,
2016-10-17T23:46:38+11:00,127.0.0.1,6,
2016-10-17T23:46:38+11:00,127.0.0.1,58,
2016-10-17T23:46:39+11:00,192.168.1.184,1337,
2016-10-17T23:46:39+11:00,192.168.1.184,1337,
2016-10-17T23:46:39+11:00,192.168.1.184,50,
2016-10-17T23:46:39+11:00,192.168.1.184,1326,
2016-10-17T23:46:39+11:00,192.168.1.184,50,
2016-10-17T23:46:39+11:00,192.168.1.184,50,
2016-10-17T23:46:39+11:00,127.0.0.1,6,
2016-10-17T23:46:39+11:00,127.0.0.1,15,
2016-10-17T23:46:39+11:00,127.0.0.1,6,
2016-10-17T23:46:39+11:00,127.0.0.1,15,
2016-10-17T23:46:39+11:00,127.0.0.1,6,
2016-10-17T23:46:39+11:00,127.0.0.1,18,
2016-10-17T23:46:39+11:00,192.168.1.184,1337,
2016-10-17T23:46:39+11:00,192.168.1.184,1337,
2016-10-17T23:46:39+11:00,192.168.1.184,1326,
2016-10-17T23:46:39+11:00,127.0.0.1,6,
2016-10-17T23:46:39+11:00,127.0.0.1,58,
2016-10-17T23:46:39+11:00,8.8.8.8,43,
2016-10-17T23:57:29+11:00,192.168.1.184,1337,
2016-10-17T23:57:29+11:00,192.168.1.184,1337,
2016-10-17T23:57:29+11:00,192.168.1.184,1326,
2016-10-17T23:57:29+11:00,192.168.1.184,50,
2016-10-17T23:57:29+11:00,192.168.1.184,50,
2016-10-17T23:57:29+11:00,192.168.1.184,50,
2016-10-17T23:57:29+11:00,192.168.1.184,1337,
2016-10-17T23:57:29+11:00,192.168.1.184,1337,
2016-10-17T23:57:29+11:00,192.168.1.184,1326,
2016-10-17T23:57:29+11:00,127.0.0.1,15,
2016-10-17T23:57:29+11:00,127.0.0.1,6,
2016-10-17T23:57:29+11:00,127.0.0.1,15,
2016-10-17T23:57:29+11:00,127.0.0.1,6,
2016-10-17T23:57:29+11:00,127.0.0.1,18,
2016-10-17T23:57:29+11:00,127.0.0.1,6,
2016-10-17T23:57:29+11:00,127.0.0.1,58,
2016-10-17T23:57:30+11:00,127.0.0.1,6,
2016-10-17T23:57:34+11:00,192.168.1.184,1337,
2016-10-17T23:57:34+11:00,192.168.1.184,1337,
2016-10-17T23:57:34+11:00,192.168.1.184,1326,
2016-10-17T23:57:34+11:00,192.168.1.184,50,
2016-10-17T23:57:34+11:00,192.168.1.184,50,
2016-10-17T23:57:34+11:00,192.168.1.184,50,
2016-10-17T23:57:34+11:00,192.168.1.184,1337,
2016-10-17T23:57:34+11:00,192.168.1.184,1337,
2016-10-17T23:57:34+11:00,192.168.1.184,1326,
2016-10-17T23:57:34+11:00,127.0.0.1,15,
2016-10-17T23:57:34+11:00,127.0.0.1,6,
2016-10-17T23:57:34+11:00,127.0.0.1,15,
2016-10-17T23:57:34+11:00,127.0.0.1,6,
2016-10-17T23:57:34+11:00,127.0.0.1,18,
2016-10-17T23:57:34+11:00,127.0.0.1,6,
2016-10-17T23:57:34+11:00,127.0.0.1,58,
2016-10-17T23:57:35+11:00,127.0.0.1,6,
2016-10-17T23:58:17+11:00,192.168.1.184,50,
2016-10-17T23:58:17+11:00,192.168.1.184,1337,
2016-10-17T23:58:17+11:00,192.168.1.184,50,
2016-10-17T23:58:17+11:00,192.168.1.184,1337,
2016-10-17T23:58:17+11:00,192.168.1.184,1326,
2016-10-17T23:58:17+11:00,192.168.1.184,50,
2016-10-17T23:58:17+11:00,127.0.0.1,6,
2016-10-17T23:58:17+11:00,127.0.0.1,15,
2016-10-17T23:58:17+11:00,127.0.0.1,6,
2016-10-17T23:58:17+11:00,127.0.0.1,15,
2016-10-17T23:58:17+11:00,127.0.0.1,6,
2016-10-17T23:58:17+11:00,192.168.1.184,1337,
2016-10-17T23:58:17+11:00,192.168.1.184,1337,
2016-10-17T23:58:17+11:00,192.168.1.184,1326,
2016-10-17T23:58:17+11:00,127.0.0.1,18,
2016-10-17T23:58:17+11:00,127.0.0.1,6,
2016-10-17T23:58:17+11:00,127.0.0.1,58,
2016-10-17T23:58:17+11:00,8.8.8.8,43,
2016-10-17T23:58:48+11:00,192.168.1.184,50,
2016-10-17T23:58:48+11:00,192.168.1.184,1337,
2016-10-17T23:58:48+11:00,192.168.1.184,1337,
2016-10-17T23:58:48+11:00,192.168.1.184,50,
2016-10-17T23:58:48+11:00,192.168.1.184,1326,
2016-10-17T23:58:48+11:00,192.168.1.184,50,
2016-10-17T23:58:48+11:00,127.0.0.1,6,
2016-10-17T23:58:48+11:00,127.0.0.1,15,
2016-10-17T23:58:48+11:00,127.0.0.1,15,
2016-10-17T23:58:48+11:00,127.0.0.1,6,
2016-10-17T23:58:48+11:00,127.0.0.1,6,
2016-10-17T23:58:48+11:00,127.0.0.1,18,
2016-10-17T23:58:48+11:00,127.0.0.1,6,
2016-10-17T23:58:48+11:00,127.0.0.1,58,
2016-10-17T23:58:48+11:00,192.168.1.184,1337,
2016-10-17T23:58:48+11:00,192.168.1.184,1337,
2016-10-17T23:58:48+11:00,192.168.1.184,1326,
2016-10-17T23:58:48+11:00,8.8.8.8,43,
2016-10-18T00:06:08+11:00,192.168.1.184,1337,
2016-10-18T00:06:08+11:00,192.168.1.184,1337,
2016-10-18T00:06:08+11:00,192.168.1.184,1326,
2016-10-18T00:06:08+11:00,192.168.1.184,50,
2016-10-18T00:06:08+11:00,192.168.1.184,50,
2016-10-18T00:06:08+11:00,192.168.1.184,50,
2016-10-18T00:06:08+11:00,192.168.1.184,1337,
2016-10-18T00:06:08+11:00,192.168.1.184,1337,
2016-10-18T00:06:08+11:00,192.168.1.184,1326,
2016-10-18T00:06:08+11:00,127.0.0.1,15,
2016-10-18T00:06:08+11:00,127.0.0.1,6,
2016-10-18T00:06:08+11:00,127.0.0.1,15,
2016-10-18T00:06:08+11:00,127.0.0.1,6,
2016-10-18T00:06:08+11:00,127.0.0.1,18,
2016-10-18T00:06:08+11:00,127.0.0.1,6,
2016-10-18T00:06:08+11:00,127.0.0.1,58,
2016-10-18T00:06:08+11:00,8.8.8.8,43,
2016-10-18T00:06:08+11:00,127.0.0.1,6,
2016-10-18T00:06:21+11:00,192.168.1.184,50,
2016-10-18T00:06:21+11:00,192.168.1.184,1337,
2016-10-18T00:06:21+11:00,192.168.1.184,1337,
2016-10-18T00:06:21+11:00,192.168.1.184,50,
2016-10-18T00:06:21+11:00,192.168.1.184,1326,
2016-10-18T00:06:21+11:00,192.168.1.184,50,
2016-10-18T00:06:21+11:00,127.0.0.1,6,
2016-10-18T00:06:21+11:00,127.0.0.1,15,
2016-10-18T00:06:21+11:00,127.0.0.1,6,
2016-10-18T00:06:21+11:00,192.168.1.184,1337,
2016-10-18T00:06:21+11:00,192.168.1.184,1337,
2016-10-18T00:06:21+11:00,192.168.1.184,1326,
2016-10-18T00:06:21+11:00,127.0.0.1,15,
2016-10-18T00:06:21+11:00,127.0.0.1,6,
2016-10-18T00:06:21+11:00,127.0.0.1,18,
2016-10-18T00:06:21+11:00,127.0.0.1,6,
2016-10-18T00:06:21+11:00,127.0.0.1,58,
2016-10-18T00:06:37+11:00,192.168.1.184,50,
2016-10-18T00:06:37+11:00,192.168.1.184,1337,
2016-10-18T00:06:37+11:00,192.168.1.184,1337,
2016-10-18T00:06:37+11:00,192.168.1.184,50,
2016-10-18T00:06:37+11:00,192.168.1.184,1326,
2016-10-18T00:06:37+11:00,192.168.1.184,50,
2016-10-18T00:06:37+11:00,127.0.0.1,15,
2016-10-18T00:06:37+11:00,127.0.0.1,6,
2016-10-18T00:06:37+11:00,192.168.1.184,1337,
2016-10-18T00:06:37+11:00,192.168.1.184,1337,
2016-10-18T00:06:37+11:00,192.168.1.184,1326,
2016-10-18T00:06:37+11:00,127.0.0.1,15,
2016-10-18T00:06:37+11:00,127.0.0.1,6,
2016-10-18T00:06:37+11:00,127.0.0.1,18,
2016-10-18T00:06:37+11:00,127.0.0.1,6,
2016-10-18T00:06:37+11:00,127.0.0.1,58,
2016-10-18T00:06:38+11:00,192.168.1.184,50,
2016-10-18T00:06:38+11:00,192.168.1.184,1337,
2016-10-18T00:06:38+11:00,192.168.1.184,1337,
2016-10-18T00:06:38+11:00,192.168.1.184,50,
2016-10-18T00:06:38+11:00,192.168.1.184,1326,
2016-10-18T00:06:38+11:00,192.168.1.184,50,
2016-10-18T00:06:38+11:00,127.0.0.1,6,
2016-10-18T00:06:38+11:00,127.0.0.1,15,
2016-10-18T00:06:38+11:00,127.0.0.1,6,
2016-10-18T00:06:38+11:00,127.0.0.1,15,
2016-10-18T00:06:38+11:00,127.0.0.1,6,
2016-10-18T00:06:38+11:00,127.0.0.1,18,
2016-10-18T00:06:38+11:00,127.0.0.1,6,
2016-10-18T00:06:38+11:00,127.0.0.1,58,
2016-10-18T00:06:38+11:00,192.168.1.184,1337,
2016-10-18T00:06:38+11:00,192.168.1.184,1337,
2016-10-18T00:06:38+11:00,192.168.1.184,1326,
2016-10-18T00:06:39+11:00,192.168.1.184,50,
2016-10-18T00:06:39+11:00,192.168.1.184,1337,
2016-10-18T00:06:39+11:00,192.168.1.184,1337,
2016-10-18T00:06:39+11:00,192.168.1.184,50,
2016-10-18T00:06:39+11:00,192.168.1.184,1326,
2016-10-18T00:06:39+11:00,192.168.1.184,50,
2016-10-18T00:06:39+11:00,127.0.0.1,6,
2016-10-18T00:06:39+11:00,127.0.0.1,15,
2016-10-18T00:06:39+11:00,127.0.0.1,15,
2016-10-18T00:06:39+11:00,127.0.0.1,6,
2016-10-18T00:06:39+11:00,127.0.0.1,6,
2016-10-18T00:06:39+11:00,127.0.0.1,18,
2016-10-18T00:06:39+11:00,127.0.0.1,6,
2016-10-18T00:06:39+11:00,127.0.0.1,58,
2016-10-18T00:06:39+11:00,192.168.1.184,1337,
2016-10-18T00:06:39+11:00,192.168.1.184,1337,
2016-10-18T00:06:39+11:00,192.168.1.184,1326,
2016-10-18T00:06:41+11:00,192.168.1.184,50,
2016-10-18T00:06:41+11:00,192.168.1.184,1337,
2016-10-18T00:06:41+11:00,192.168.1.184,1337,
2016-10-18T00:06:41+11:00,192.168.1.184,1326,
2016-10-18T00:06:41+11:00,192.168.1.184,50,
2016-10-18T00:06:41+11:00,192.168.1.184,50,
2016-10-18T00:06:41+11:00,127.0.0.1,6,
2016-10-18T00:06:41+11:00,127.0.0.1,15,
2016-10-18T00:06:41+11:00,127.0.0.1,15,
2016-10-18T00:06:41+11:00,127.0.0.1,6,
2016-10-18T00:06:41+11:00,127.0.0.1,6,
2016-10-18T00:06:41+11:00,127.0.0.1,18,
2016-10-18T00:06:41+11:00,127.0.0.1,6,
2016-10-18T00:06:41+11:00,192.168.1.184,1337,
2016-10-18T00:06:41+11:00,192.168.1.184,1337,
2016-10-18T00:06:41+11:00,192.168.1.184,1326,
2016-10-18T00:06:41+11:00,8.8.8.8,43,
2016-10-18T00:06:41+11:00,127.0.0.1,58,
2016-10-18T00:17:07+11:00,192.168.1.184,1337,
2016-10-18T00:17:07+11:00,192.168.1.184,1337,
2016-10-18T00:17:07+11:00,192.168.1.184,1326,
2016-10-18T00:17:07+11:00,192.168.1.184,50,
2016-10-18T00:17:07+11:00,192.168.1.184,50,
2016-10-18T00:17:07+11:00,192.168.1.184,50,
2016-10-18T00:17:07+11:00,192.168.1.184,1337,
2016-10-18T00:17:07+11:00,192.168.1.184,1337,
2016-10-18T00:17:07+11:00,192.168.1.184,1326,
2016-10-18T00:17:07+11:00,127.0.0.1,15,
2016-10-18T00:17:07+11:00,127.0.0.1,6,
2016-10-18T00:17:07+11:00,127.0.0.1,15,
2016-10-18T00:17:07+11:00,127.0.0.1,6,
2016-10-18T00:17:07+11:00,127.0.0.1,18,
2016-10-18T00:17:07+11:00,127.0.0.1,6,
2016-10-18T00:17:07+11:00,127.0.0.1,58,
2016-10-18T00:17:07+11:00,8.8.8.8,43,
2016-10-18T00:17:07+11:00,127.0.0.1,6,
2016-10-18T00:17:19+11:00,192.168.1.184,50,
2016-10-18T00:17:19+11:00,192.168.1.184,1337,
2016-10-18T00:17:19+11:00,192.168.1.184,1326,
2016-10-18T00:17:19+11:00,192.168.1.184,50,
2016-10-18T00:17:19+11:00,192.168.1.184,50,
2016-10-18T00:17:19+11:00,127.0.0.1,6,
2016-10-18T00:17:19+11:00,127.0.0.1,15,
2016-10-18T00:17:19+11:00,127.0.0.1,6,
2016-10-18T00:17:19+11:00,192.168.1.184,1337,
2016-10-18T00:17:19+11:00,192.168.1.184,1337,
2016-10-18T00:17:19+11:00,192.168.1.184,1326,
2016-10-18T00:17:21+11:00,192.168.1.184,50,
2016-10-18T00:17:21+11:00,192.168.1.184,1337,
2016-10-18T00:17:21+11:00,192.168.1.184,1337,
2016-10-18T00:17:21+11:00,192.168.1.184,50,
2016-10-18T00:17:21+11:00,192.168.1.184,1326,
2016-10-18T00:17:21+11:00,192.168.1.184,50,
2016-10-18T00:17:21+11:00,127.0.0.1,6,
2016-10-18T00:17:21+11:00,127.0.0.1,15,
2016-10-18T00:17:21+11:00,127.0.0.1,6,
2016-10-18T00:17:21+11:00,192.168.1.184,1337,
2016-10-18T00:17:21+11:00,192.168.1.184,1337,
2016-10-18T00:17:21+11:00,192.168.1.184,1326,
2016-10-18T00:17:22+11:00,192.168.1.184,50,
2016-10-18T00:17:22+11:00,192.168.1.184,1337,
2016-10-18T00:17:22+11:00,192.168.1.184,50,
2016-10-18T00:17:22+11:00,192.168.1.184,1337,
2016-10-18T00:17:22+11:00,192.168.1.184,1326,
2016-10-18T00:17:22+11:00,192.168.1.184,50,
2016-10-18T00:17:22+11:00,127.0.0.1,6,
2016-10-18T00:17:22+11:00,127.0.0.1,15,
2016-10-18T00:17:22+11:00,127.0.0.1,15,
2016-10-18T00:17:22+11:00,127.0.0.1,6,
2016-10-18T00:17:22+11:00,127.0.0.1,6,
2016-10-18T00:17:22+11:00,127.0.0.1,18,
2016-10-18T00:17:22+11:00,127.0.0.1,6,
2016-10-18T00:17:22+11:00,127.0.0.1,58,
2016-10-18T00:17:22+11:00,192.168.1.184,1337,
2016-10-18T00:17:22+11:00,192.168.1.184,1337,
2016-10-18T00:17:22+11:00,192.168.1.184,1326,
2016-10-18T00:17:22+11:00,8.8.8.8,43,
2016-10-18T03:30:33+11:00,192.168.1.184,1337,
2016-10-18T03:30:33+11:00,192.168.1.184,1337,
2016-10-18T03:30:33+11:00,192.168.1.184,1326,
2016-10-18T03:30:33+11:00,192.168.1.184,50,
2016-10-18T03:30:33+11:00,192.168.1.184,50,
2016-10-18T03:30:33+11:00,192.168.1.184,50,
2016-10-18T03:30:33+11:00,192.168.1.184,1337,
2016-10-18T03:30:33+11:00,192.168.1.184,1337,
2016-10-18T03:30:33+11:00,192.168.1.184,1326,
2016-10-18T03:30:33+11:00,127.0.0.1,15,
2016-10-18T03:30:33+11:00,127.0.0.1,6,
2016-10-18T03:30:33+11:00,127.0.0.1,15,
2016-10-18T03:30:33+11:00,127.0.0.1,6,
2016-10-18T03:30:33+11:00,127.0.0.1,18,
2016-10-18T03:30:33+11:00,127.0.0.1,6,
2016-10-18T03:30:33+11:00,127.0.0.1,58,
2016-10-18T03:30:34+11:00,8.8.8.8,43,
2016-10-18T03:30:34+11:00,127.0.0.1,6,
2016-10-18T03:30:40+11:00,192.168.1.184,50,
2016-10-18T03:30:40+11:00,192.168.1.184,1337,
2016-10-18T03:30:40+11:00,192.168.1.184,50,
2016-10-18T03:30:40+11:00,192.168.1.184,1326,
2016-10-18T03:30:40+11:00,192.168.1.184,50,
2016-10-18T03:30:40+11:00,127.0.0.1,6,
2016-10-18T03:30:40+11:00,8.8.8.8,43,
2016-10-18T03:30:40+11:00,127.0.0.1,15,
2016-10-18T03:30:40+11:00,127.0.0.1,6,
2016-10-18T03:30:40+11:00,127.0.0.1,15,
2016-10-18T03:30:40+11:00,127.0.0.1,6,
2016-10-18T03:30:40+11:00,192.168.1.184,1337,
2016-10-18T03:30:40+11:00,192.168.1.184,1337,
2016-10-18T03:30:40+11:00,192.168.1.184,1326,
2016-10-18T03:30:40+11:00,127.0.0.1,18,
2016-10-18T03:30:40+11:00,127.0.0.1,6,
2016-10-18T03:30:40+11:00,127.0.0.1,58,
2016-10-18T13:51:14+11:00,192.168.1.184,1337,
2016-10-18T13:51:14+11:00,192.168.1.184,1337,
2016-10-18T13:51:14+11:00,192.168.1.184,1326,
2016-10-18T13:51:14+11:00,192.168.1.184,50,
2016-10-18T13:51:14+11:00,192.168.1.184,50,
2016-10-18T13:51:14+11:00,192.168.1.184,50,
2016-10-18T13:51:15+11:00,192.168.1.184,1337,
2016-10-18T13:51:15+11:00,192.168.1.184,1337,
2016-10-18T13:51:15+11:00,192.168.1.184,1326,
2016-10-18T13:51:15+11:00,127.0.0.1,15,
2016-10-18T13:51:15+11:00,127.0.0.1,6,
2016-10-18T13:51:15+11:00,127.0.0.1,15,
2016-10-18T13:51:15+11:00,127.0.0.1,6,
2016-10-18T13:51:15+11:00,127.0.0.1,18,
2016-10-18T13:51:15+11:00,127.0.0.1,6,
2016-10-18T13:51:15+11:00,127.0.0.1,58,
2016-10-18T13:51:15+11:00,127.0.0.1,6,
2016-10-18T13:51:18+11:00,192.168.1.184,50,
2016-10-18T13:51:18+11:00,192.168.1.184,1337,
2016-10-18T13:51:18+11:00,192.168.1.184,1337,
2016-10-18T13:51:18+11:00,192.168.1.184,1326,
2016-10-18T13:51:18+11:00,192.168.1.184,50,
2016-10-18T13:51:18+11:00,192.168.1.184,50,
2016-10-18T13:51:18+11:00,127.0.0.1,6,
2016-10-18T13:51:18+11:00,127.0.0.1,15,
2016-10-18T13:51:18+11:00,127.0.0.1,6,
2016-10-18T13:51:18+11:00,127.0.0.1,15,
2016-10-18T13:51:18+11:00,127.0.0.1,6,
2016-10-18T13:51:18+11:00,127.0.0.1,18,
2016-10-18T13:51:18+11:00,127.0.0.1,6,
2016-10-18T13:51:18+11:00,127.0.0.1,58,
2016-10-18T13:51:18+11:00,8.8.8.8,43,
2016-10-18T13:51:18+11:00,192.168.1.184,1337,
2016-10-18T13:51:18+11:00,192.168.1.184,1337,
2016-10-18T13:51:18+11:00,192.168.1.184,1326,
2016-10-18T13:51:19+11:00,192.168.1.184,50,
2016-10-18T13:51:19+11:00,192.168.1.184,50,
2016-10-18T13:51:19+11:00,192.168.1.184,50,
2016-10-18T13:51:19+11:00,192.168.1.184,1337,
2016-10-18T13:51:19+11:00,192.168.1.184,1337,
2016-10-18T13:51:19+11:00,192.168.1.184,1326,
2016-10-18T13:51:19+11:00,127.0.0.1,6,
2016-10-18T13:51:19+11:00,127.0.0.1,15,
2016-10-18T13:51:19+11:00,127.0.0.1,6,
2016-10-18T13:51:19+11:00,127.0.0.1,15,
2016-10-18T13:51:19+11:00,8.8.8.8,43,
2016-10-18T13:51:19+11:00,192.168.1.184,1337,
2016-10-18T13:51:19+11:00,192.168.1.184,1337,
2016-10-18T13:51:19+11:00,192.168.1.184,1326,
2016-10-18T13:51:19+11:00,127.0.0.1,6,
2016-10-18T13:51:19+11:00,127.0.0.1,18,
2016-10-18T13:51:19+11:00,127.0.0.1,6,
2016-10-18T13:51:19+11:00,127.0.0.1,58,
2016-10-18T14:27:21+11:00,192.168.1.184,1337,
2016-10-18T14:27:21+11:00,192.168.1.184,1337,
2016-10-18T14:27:21+11:00,192.168.1.184,1326,
2016-10-18T14:27:21+11:00,192.168.1.184,50,
2016-10-18T14:27:21+11:00,192.168.1.184,50,
2016-10-18T14:27:21+11:00,192.168.1.184,50,
2016-10-18T14:27:21+11:00,192.168.1.184,1337,
2016-10-18T14:27:21+11:00,192.168.1.184,1337,
2016-10-18T14:27:21+11:00,192.168.1.184,1326,
2016-10-18T14:27:21+11:00,127.0.0.1,15,
2016-10-18T14:27:21+11:00,127.0.0.1,6,
2016-10-18T14:27:21+11:00,127.0.0.1,15,
2016-10-18T14:27:21+11:00,127.0.0.1,6,
2016-10-18T14:27:21+11:00,127.0.0.1,18,
2016-10-18T14:27:21+11:00,127.0.0.1,6,
2016-10-18T14:27:21+11:00,127.0.0.1,58,
2016-10-18T14:27:22+11:00,127.0.0.1,6,
2016-10-18T14:27:24+11:00,192.168.1.184,1337,
2016-10-18T14:27:24+11:00,192.168.1.184,1337,
2016-10-18T14:27:24+11:00,192.168.1.184,1326,
2016-10-18T14:27:24+11:00,192.168.1.184,50,
2016-10-18T14:27:24+11:00,192.168.1.184,50,
2016-10-18T14:27:24+11:00,192.168.1.184,50,
2016-10-18T14:27:24+11:00,192.168.1.184,1337,
2016-10-18T14:27:24+11:00,192.168.1.184,1337,
2016-10-18T14:27:24+11:00,192.168.1.184,1326,
2016-10-18T14:27:24+11:00,127.0.0.1,15,
2016-10-18T14:27:24+11:00,127.0.0.1,6,
2016-10-18T14:27:24+11:00,127.0.0.1,15,
2016-10-18T14:27:24+11:00,127.0.0.1,6,
2016-10-18T14:27:24+11:00,127.0.0.1,18,
2016-10-18T14:27:24+11:00,8.8.8.8,43,
2016-10-18T14:27:24+11:00,127.0.0.1,6,
2016-10-18T14:27:30+11:00,192.168.1.184,1337,
2016-10-18T14:27:30+11:00,192.168.1.184,1337,
2016-10-18T14:27:30+11:00,192.168.1.184,1326,
2016-10-18T14:27:30+11:00,192.168.1.184,50,
2016-10-18T14:27:30+11:00,192.168.1.184,50,
2016-10-18T14:27:30+11:00,192.168.1.184,50,
2016-10-18T14:27:30+11:00,192.168.1.184,1337,
2016-10-18T14:27:30+11:00,192.168.1.184,1337,
2016-10-18T14:27:30+11:00,192.168.1.184,1326,
2016-10-18T14:27:30+11:00,127.0.0.1,15,
2016-10-18T14:27:30+11:00,127.0.0.1,6,
2016-10-18T14:27:30+11:00,127.0.0.1,15,
2016-10-18T14:27:30+11:00,127.0.0.1,6,
2016-10-18T14:27:30+11:00,127.0.0.1,18,
2016-10-18T14:27:30+11:00,127.0.0.1,6,
2016-10-18T14:27:30+11:00,127.0.0.1,58,
2016-10-18T14:27:31+11:00,127.0.0.1,6,
2016-10-18T14:27:34+11:00,192.168.1.184,1337,
2016-10-18T14:27:34+11:00,192.168.1.184,1337,
2016-10-18T14:27:34+11:00,192.168.1.184,1326,
2016-10-18T14:27:34+11:00,192.168.1.184,50,
2016-10-18T14:27:34+11:00,192.168.1.184,50,
2016-10-18T14:27:34+11:00,192.168.1.184,50,
2016-10-18T14:27:34+11:00,192.168.1.184,1337,
2016-10-18T14:27:34+11:00,192.168.1.184,1337,
2016-10-18T14:27:34+11:00,192.168.1.184,1326,
2016-10-18T14:27:34+11:00,127.0.0.1,15,
2016-10-18T14:27:34+11:00,127.0.0.1,6,
2016-10-18T14:27:34+11:00,127.0.0.1,15,
2016-10-18T14:27:34+11:00,127.0.0.1,6,
2016-10-18T14:27:34+11:00,127.0.0.1,18,
2016-10-18T14:27:34+11:00,127.0.0.1,6,
2016-10-18T14:27:34+11:00,127.0.0.1,58,
2016-10-18T14:27:35+11:00,127.0.0.1,6,
2016-10-18T14:27:36+11:00,192.168.1.184,1337,
2016-10-18T14:27:36+11:00,192.168.1.184,1337,
2016-10-18T14:27:36+11:00,192.168.1.184,1326,
2016-10-18T14:27:36+11:00,192.168.1.184,50,
2016-10-18T14:27:36+11:00,192.168.1.184,50,
2016-10-18T14:27:36+11:00,192.168.1.184,50,
2016-10-18T14:27:36+11:00,192.168.1.184,1337,
2016-10-18T14:27:36+11:00,192.168.1.184,1337,
2016-10-18T14:27:36+11:00,192.168.1.184,1326,
2016-10-18T14:27:36+11:00,127.0.0.1,15,
2016-10-18T14:27:36+11:00,127.0.0.1,6,
2016-10-18T14:27:37+11:00,127.0.0.1,15,
2016-10-18T14:27:37+11:00,127.0.0.1,6,
2016-10-18T14:27:37+11:00,127.0.0.1,18,
2016-10-18T14:27:37+11:00,127.0.0.1,6,
2016-10-18T14:27:37+11:00,127.0.0.1,58,
2016-10-18T14:27:37+11:00,127.0.0.1,6,
2016-10-18T14:27:39+11:00,192.168.1.184,1337,
2016-10-18T14:27:39+11:00,192.168.1.184,1337,
2016-10-18T14:27:39+11:00,192.168.1.184,1326,
2016-10-18T14:27:39+11:00,192.168.1.184,50,
2016-10-18T14:27:39+11:00,192.168.1.184,50,
2016-10-18T14:27:39+11:00,192.168.1.184,50,
2016-10-18T14:27:39+11:00,192.168.1.184,1337,
2016-10-18T14:27:39+11:00,192.168.1.184,1337,
2016-10-18T14:27:39+11:00,192.168.1.184,1326,
2016-10-18T14:27:39+11:00,127.0.0.1,15,
2016-10-18T14:27:39+11:00,127.0.0.1,6,
2016-10-18T14:27:39+11:00,127.0.0.1,15,
2016-10-18T14:27:39+11:00,127.0.0.1,6,
2016-10-18T14:27:39+11:00,127.0.0.1,18,
2016-10-18T14:27:39+11:00,127.0.0.1,6,
2016-10-18T14:27:39+11:00,127.0.0.1,58,
2016-10-18T14:27:40+11:00,127.0.0.1,6,
2016-10-18T14:28:16+11:00,192.168.1.184,1337,
2016-10-18T14:28:16+11:00,192.168.1.184,1337,
2016-10-18T14:28:16+11:00,192.168.1.184,1326,
2016-10-18T14:28:16+11:00,192.168.1.184,50,
2016-10-18T14:28:16+11:00,192.168.1.184,50,
2016-10-18T14:28:16+11:00,192.168.1.184,50,
2016-10-18T14:28:16+11:00,192.168.1.184,1337,
2016-10-18T14:28:16+11:00,192.168.1.184,1337,
2016-10-18T14:28:16+11:00,192.168.1.184,1326,
2016-10-18T14:28:16+11:00,127.0.0.1,15,
2016-10-18T14:28:16+11:00,127.0.0.1,6,
2016-10-18T14:28:16+11:00,127.0.0.1,15,
2016-10-18T14:28:16+11:00,127.0.0.1,6,
2016-10-18T14:28:16+11:00,127.0.0.1,18,
2016-10-18T14:28:16+11:00,127.0.0.1,6,
2016-10-18T14:28:16+11:00,127.0.0.1,58,
2016-10-18T14:28:17+11:00,127.0.0.1,6,
2016-10-18T14:28:47+11:00,192.168.1.184,1337,
2016-10-18T14:28:47+11:00,192.168.1.184,1337,
2016-10-18T14:28:47+11:00,192.168.1.184,1326,
2016-10-18T14:28:47+11:00,192.168.1.184,50,
2016-10-18T14:28:47+11:00,192.168.1.184,50,
2016-10-18T14:28:47+11:00,192.168.1.184,50,
2016-10-18T14:28:47+11:00,192.168.1.184,1337,
2016-10-18T14:28:47+11:00,192.168.1.184,1337,
2016-10-18T14:28:47+11:00,192.168.1.184,1326,
2016-10-18T14:28:48+11:00,127.0.0.1,15,
2016-10-18T14:28:48+11:00,127.0.0.1,6,
2016-10-18T14:28:48+11:00,127.0.0.1,15,
2016-10-18T14:28:48+11:00,127.0.0.1,6,
2016-10-18T14:28:48+11:00,127.0.0.1,18,
2016-10-18T14:28:48+11:00,127.0.0.1,6,
2016-10-18T14:28:48+11:00,127.0.0.1,58,
2016-10-18T14:28:48+11:00,127.0.0.1,6,
2016-10-18T14:29:39+11:00,192.168.1.184,1337,
2016-10-18T14:29:39+11:00,192.168.1.184,1337,
2016-10-18T14:29:39+11:00,192.168.1.184,1326,
2016-10-18T14:29:39+11:00,192.168.1.184,50,
2016-10-18T14:29:39+11:00,192.168.1.184,50,
2016-10-18T14:29:39+11:00,192.168.1.184,50,
2016-10-18T14:29:39+11:00,192.168.1.184,1337,
2016-10-18T14:29:39+11:00,192.168.1.184,1337,
2016-10-18T14:29:39+11:00,192.168.1.184,1326,
2016-10-18T14:29:39+11:00,127.0.0.1,15,
2016-10-18T14:29:39+11:00,127.0.0.1,6,
2016-10-18T14:29:39+11:00,127.0.0.1,15,
2016-10-18T14:29:39+11:00,127.0.0.1,6,
2016-10-18T14:29:39+11:00,127.0.0.1,18,
2016-10-18T14:29:39+11:00,127.0.0.1,6,
2016-10-18T14:29:39+11:00,127.0.0.1,58,
2016-10-18T14:29:39+11:00,127.0.0.1,6,
2016-10-18T14:31:41+11:00,192.168.1.184,1337,
2016-10-18T14:31:41+11:00,192.168.1.184,1337,
2016-10-18T14:31:41+11:00,192.168.1.184,1326,
2016-10-18T14:31:41+11:00,192.168.1.184,50,
2016-10-18T14:31:41+11:00,127.0.0.1,6,
2016-10-18T14:31:41+11:00,192.168.1.184,50,
2016-10-18T14:31:41+11:00,192.168.1.184,50,
2016-10-18T14:31:41+11:00,127.0.0.1,15,
2016-10-18T14:31:41+11:00,127.0.0.1,15,
2016-10-18T14:31:41+11:00,127.0.0.1,6,
2016-10-18T14:31:41+11:00,127.0.0.1,6,
2016-10-18T14:31:41+11:00,127.0.0.1,18,
2016-10-18T14:31:41+11:00,127.0.0.1,6,
2016-10-18T14:31:41+11:00,127.0.0.1,58,
2016-10-18T14:31:41+11:00,192.168.1.184,1337,
2016-10-18T14:31:41+11:00,192.168.1.184,1337,
2016-10-18T14:31:41+11:00,192.168.1.184,1326,
2016-10-18T14:31:44+11:00,192.168.1.184,50,
2016-10-18T14:31:44+11:00,192.168.1.184,1337,
2016-10-18T14:31:44+11:00,192.168.1.184,1337,
2016-10-18T14:31:44+11:00,192.168.1.184,50,
2016-10-18T14:31:44+11:00,192.168.1.184,1326,
2016-10-18T14:31:44+11:00,192.168.1.184,50,
2016-10-18T14:31:44+11:00,127.0.0.1,6,
2016-10-18T14:31:44+11:00,127.0.0.1,15,
2016-10-18T14:31:44+11:00,127.0.0.1,6,
2016-10-18T14:31:44+11:00,127.0.0.1,18,
2016-10-18T14:31:44+11:00,127.0.0.1,6,
2016-10-18T14:31:44+11:00,192.168.1.184,1337,
2016-10-18T14:31:44+11:00,192.168.1.184,1337,
2016-10-18T14:31:44+11:00,192.168.1.184,1326,
2016-10-18T14:31:44+11:00,127.0.0.1,58,
2016-10-18T14:31:46+11:00,192.168.1.184,1337,
2016-10-18T14:31:46+11:00,192.168.1.184,50,
2016-10-18T14:31:46+11:00,192.168.1.184,1337,
2016-10-18T14:31:46+11:00,192.168.1.184,1326,
2016-10-18T14:31:46+11:00,192.168.1.184,50,
2016-10-18T14:31:46+11:00,192.168.1.184,50,
2016-10-18T14:31:46+11:00,127.0.0.1,6,
2016-10-18T14:31:46+11:00,127.0.0.1,15,
2016-10-18T14:31:46+11:00,127.0.0.1,6,
2016-10-18T14:31:46+11:00,127.0.0.1,15,
2016-10-18T14:31:46+11:00,127.0.0.1,6,
2016-10-18T14:31:46+11:00,127.0.0.1,18,
2016-10-18T14:31:46+11:00,127.0.0.1,6,
2016-10-18T14:31:46+11:00,192.168.1.184,1337,
2016-10-18T14:31:46+11:00,192.168.1.184,1337,
2016-10-18T14:31:46+11:00,192.168.1.184,1326,
2016-10-18T14:31:46+11:00,127.0.0.1,58,
2016-10-18T14:32:09+11:00,192.168.1.184,1337,
2016-10-18T14:32:09+11:00,192.168.1.184,1337,
2016-10-18T14:32:09+11:00,192.168.1.184,50,
2016-10-18T14:32:09+11:00,192.168.1.184,1326,
2016-10-18T14:32:09+11:00,192.168.1.184,50,
2016-10-18T14:32:09+11:00,127.0.0.1,15,
2016-10-18T14:32:09+11:00,127.0.0.1,6,
2016-10-18T14:32:09+11:00,192.168.1.184,1337,
2016-10-18T14:32:09+11:00,192.168.1.184,1337,
2016-10-18T14:32:09+11:00,192.168.1.184,1326,
2016-10-18T14:32:51+11:00,192.168.1.184,50,
2016-10-18T14:32:51+11:00,192.168.1.184,1337,
2016-10-18T14:32:51+11:00,192.168.1.184,1337,
2016-10-18T14:32:51+11:00,192.168.1.184,50,
2016-10-18T14:32:51+11:00,192.168.1.184,1326,
2016-10-18T14:32:51+11:00,192.168.1.184,50,
2016-10-18T14:32:51+11:00,127.0.0.1,6,
2016-10-18T14:32:51+11:00,127.0.0.1,15,
2016-10-18T14:32:51+11:00,127.0.0.1,6,
2016-10-18T14:32:51+11:00,127.0.0.1,15,
2016-10-18T14:32:51+11:00,127.0.0.1,6,
2016-10-18T14:32:51+11:00,127.0.0.1,18,
2016-10-18T14:32:51+11:00,127.0.0.1,6,
2016-10-18T14:32:51+11:00,127.0.0.1,58,
2016-10-18T14:32:51+11:00,192.168.1.184,1337,
2016-10-18T14:32:51+11:00,192.168.1.184,1337,
2016-10-18T14:32:51+11:00,192.168.1.184,1326,
2016-10-19T14:35:49+11:00,192.168.1.184,1337,
2016-10-19T14:35:49+11:00,192.168.1.184,50,
2016-10-19T14:35:49+11:00,192.168.1.184,1337,
2016-10-19T14:35:49+11:00,192.168.1.184,1326,
2016-10-19T14:35:49+11:00,192.168.1.184,50,
2016-10-19T14:35:49+11:00,192.168.1.184,50,
2016-10-19T14:35:49+11:00,127.0.0.1,6,
2016-10-19T14:35:49+11:00,127.0.0.1,15,
2016-10-19T14:35:49+11:00,127.0.0.1,15,
2016-10-19T14:35:49+11:00,127.0.0.1,6,
2016-10-19T14:35:49+11:00,127.0.0.1,6,
2016-10-19T14:35:49+11:00,192.168.1.184,1337,
2016-10-19T14:35:49+11:00,192.168.1.184,1337,
2016-10-19T14:35:49+11:00,192.168.1.184,1326,
2016-10-19T14:35:49+11:00,127.0.0.1,18,
2016-10-19T14:35:49+11:00,127.0.0.1,6,
2016-10-19T14:35:49+11:00,127.0.0.1,58,
2016-10-19T14:36:09+11:00,192.168.1.184,50,
2016-10-19T14:36:09+11:00,192.168.1.184,1337,
2016-10-19T14:36:09+11:00,192.168.1.184,1337,
2016-10-19T14:36:09+11:00,192.168.1.184,50,
2016-10-19T14:36:09+11:00,192.168.1.184,1326,
2016-10-19T14:36:09+11:00,192.168.1.184,50,
2016-10-19T14:36:09+11:00,127.0.0.1,6,
2016-10-19T14:36:09+11:00,127.0.0.1,15,
2016-10-19T14:36:09+11:00,127.0.0.1,6,
2016-10-19T14:36:09+11:00,127.0.0.1,15,
2016-10-19T14:36:09+11:00,127.0.0.1,6,
2016-10-19T14:36:09+11:00,192.168.1.184,1337,
2016-10-19T14:36:09+11:00,192.168.1.184,1337,
2016-10-19T14:36:09+11:00,192.168.1.184,1326,
2016-10-19T14:36:09+11:00,127.0.0.1,18,
2016-10-19T14:36:09+11:00,127.0.0.1,6,
2016-10-19T14:36:09+11:00,127.0.0.1,58,
2016-10-19T15:25:36+11:00,192.168.1.184,1337,
2016-10-19T15:25:36+11:00,192.168.1.184,1337,
2016-10-19T15:25:36+11:00,192.168.1.184,1326,
2016-10-19T15:25:36+11:00,192.168.1.184,50,
2016-10-19T15:25:36+11:00,192.168.1.184,50,
2016-10-19T15:25:36+11:00,192.168.1.184,50,
2016-10-19T15:25:36+11:00,192.168.1.184,1337,
2016-10-19T15:25:36+11:00,192.168.1.184,1337,
2016-10-19T15:25:36+11:00,192.168.1.184,1326,
2016-10-19T15:25:36+11:00,127.0.0.1,15,
2016-10-19T15:25:36+11:00,127.0.0.1,6,
2016-10-19T15:25:37+11:00,127.0.0.1,15,
2016-10-19T15:25:37+11:00,127.0.0.1,6,
2016-10-19T15:25:37+11:00,127.0.0.1,18,
2016-10-19T15:25:37+11:00,127.0.0.1,6,
2016-10-19T15:25:37+11:00,127.0.0.1,58,
2016-10-19T15:25:37+11:00,127.0.0.1,6,
2016-10-19T15:26:03+11:00,192.168.1.184,50,
2016-10-19T15:26:03+11:00,192.168.1.184,1337,
2016-10-19T15:26:03+11:00,192.168.1.184,1326,
2016-10-19T15:26:03+11:00,192.168.1.184,50,
2016-10-19T15:26:03+11:00,192.168.1.184,50,
2016-10-19T15:26:03+11:00,127.0.0.1,6,
2016-10-19T15:26:03+11:00,127.0.0.1,15,
2016-10-19T15:26:03+11:00,127.0.0.1,6,
2016-10-19T15:26:03+11:00,127.0.0.1,15,
2016-10-19T15:26:03+11:00,127.0.0.1,6,
2016-10-19T15:26:03+11:00,127.0.0.1,18,
2016-10-19T15:26:03+11:00,127.0.0.1,6,
2016-10-19T15:26:03+11:00,127.0.0.1,58,
2016-10-19T15:26:03+11:00,192.168.1.184,1337,
2016-10-19T15:26:03+11:00,192.168.1.184,1337,
2016-10-19T15:26:03+11:00,192.168.1.184,1326,
2016-10-19T15:26:05+11:00,192.168.1.184,50,
2016-10-19T15:26:05+11:00,192.168.1.184,1337,
2016-10-19T15:26:05+11:00,192.168.1.184,1337,
2016-10-19T15:26:05+11:00,192.168.1.184,50,
2016-10-19T15:26:05+11:00,192.168.1.184,1326,
2016-10-19T15:26:05+11:00,192.168.1.184,50,
2016-10-19T15:26:05+11:00,127.0.0.1,6,
2016-10-19T15:26:05+11:00,127.0.0.1,15,
2016-10-19T15:26:05+11:00,127.0.0.1,15,
2016-10-19T15:26:05+11:00,127.0.0.1,6,
2016-10-19T15:26:05+11:00,127.0.0.1,6,
2016-10-19T15:26:05+11:00,192.168.1.184,1337,
2016-10-19T15:26:05+11:00,192.168.1.184,1337,
2016-10-19T15:26:05+11:00,192.168.1.184,1326,
2016-10-19T15:26:05+11:00,127.0.0.1,18,
2016-10-19T15:26:05+11:00,127.0.0.1,6,
2016-10-19T15:26:05+11:00,127.0.0.1,58,
2016-10-19T15:26:06+11:00,192.168.1.184,50,
2016-10-19T15:26:06+11:00,192.168.1.184,1337,
2016-10-19T15:26:06+11:00,192.168.1.184,1337,
2016-10-19T15:26:06+11:00,192.168.1.184,50,
2016-10-19T15:26:06+11:00,192.168.1.184,1326,
2016-10-19T15:26:06+11:00,192.168.1.184,50,
2016-10-19T15:26:06+11:00,127.0.0.1,6,
2016-10-19T15:26:06+11:00,127.0.0.1,15,
2016-10-19T15:26:06+11:00,127.0.0.1,6,
2016-10-19T15:26:06+11:00,127.0.0.1,15,
2016-10-19T15:26:06+11:00,127.0.0.1,6,
2016-10-19T15:26:06+11:00,127.0.0.1,18,
2016-10-19T15:26:06+11:00,192.168.1.184,1337,
2016-10-19T15:26:06+11:00,192.168.1.184,1337,
2016-10-19T15:26:06+11:00,192.168.1.184,1326,
2016-10-19T15:26:06+11:00,127.0.0.1,6,
2016-10-19T15:26:06+11:00,127.0.0.1,58,
2016-10-19T16:51:35+11:00,192.168.1.184,1337,
2016-10-19T16:51:35+11:00,192.168.1.184,1337,
2016-10-19T16:51:35+11:00,192.168.1.184,1326,
2016-10-19T16:51:35+11:00,192.168.1.184,50,
2016-10-19T16:51:35+11:00,192.168.1.184,50,
2016-10-19T16:51:35+11:00,192.168.1.184,50,
2016-10-19T16:51:35+11:00,192.168.1.184,1337,
2016-10-19T16:51:35+11:00,192.168.1.184,1337,
2016-10-19T16:51:35+11:00,192.168.1.184,1326,
2016-10-19T16:51:35+11:00,127.0.0.1,15,
2016-10-19T16:51:35+11:00,127.0.0.1,6,
2016-10-19T16:51:35+11:00,127.0.0.1,15,
2016-10-19T16:51:35+11:00,127.0.0.1,6,
2016-10-19T16:51:35+11:00,127.0.0.1,18,
2016-10-19T16:51:35+11:00,127.0.0.1,6,
2016-10-19T16:51:35+11:00,127.0.0.1,58,
2016-10-19T16:51:35+11:00,127.0.0.1,6,
2016-10-19T17:48:48+11:00,192.168.1.184,1337,
2016-10-19T17:48:48+11:00,192.168.1.184,1337,
2016-10-19T17:48:48+11:00,192.168.1.184,1326,
2016-10-19T17:48:48+11:00,192.168.1.184,50,
2016-10-19T17:48:48+11:00,192.168.1.184,50,
2016-10-19T17:48:48+11:00,192.168.1.184,50,
2016-10-19T17:48:48+11:00,192.168.1.184,1337,
2016-10-19T17:48:48+11:00,192.168.1.184,1337,
2016-10-19T17:48:48+11:00,192.168.1.184,1326,
2016-10-19T17:48:48+11:00,127.0.0.1,15,
2016-10-19T17:48:48+11:00,127.0.0.1,6,
2016-10-19T17:48:48+11:00,127.0.0.1,15,
2016-10-19T17:48:48+11:00,127.0.0.1,6,
2016-10-19T17:48:48+11:00,127.0.0.1,18,
2016-10-19T17:48:48+11:00,127.0.0.1,6,
2016-10-19T17:48:48+11:00,127.0.0.1,58,
2016-10-19T17:48:49+11:00,127.0.0.1,6,
2016-10-19T17:49:43+11:00,192.168.1.184,50,
2016-10-19T17:49:43+11:00,192.168.1.184,50,
2016-10-19T17:49:43+11:00,192.168.1.184,1337,
2016-10-19T17:49:43+11:00,192.168.1.184,1337,
2016-10-19T17:49:43+11:00,192.168.1.184,1326,
2016-10-19T17:49:43+11:00,192.168.1.184,50,
2016-10-19T17:49:43+11:00,127.0.0.1,6,
2016-10-19T17:49:43+11:00,127.0.0.1,15,
2016-10-19T17:49:43+11:00,127.0.0.1,15,
2016-10-19T17:49:43+11:00,127.0.0.1,6,
2016-10-19T17:49:43+11:00,127.0.0.1,6,
2016-10-19T17:49:43+11:00,127.0.0.1,18,
2016-10-19T17:49:43+11:00,127.0.0.1,6,
2016-10-19T17:49:43+11:00,127.0.0.1,58,
2016-10-19T17:49:43+11:00,192.168.1.184,1337,
2016-10-19T17:49:43+11:00,192.168.1.184,1337,
2016-10-19T17:49:43+11:00,192.168.1.184,1326,
2016-10-20T22:25:16+11:00,192.168.1.184,1337,
2016-10-20T22:25:16+11:00,192.168.1.184,1337,
2016-10-20T22:25:16+11:00,192.168.1.184,1326,
2016-10-20T22:25:16+11:00,192.168.1.184,50,
2016-10-20T22:25:16+11:00,192.168.1.184,50,
2016-10-20T22:25:16+11:00,192.168.1.184,50,
2016-10-20T22:25:16+11:00,192.168.1.184,1337,
2016-10-20T22:25:16+11:00,192.168.1.184,1337,
2016-10-20T22:25:16+11:00,192.168.1.184,1326,
2016-10-20T22:25:16+11:00,127.0.0.1,15,
2016-10-20T22:25:16+11:00,127.0.0.1,6,
2016-10-20T22:25:17+11:00,127.0.0.1,15,
2016-10-20T22:25:17+11:00,127.0.0.1,6,
2016-10-20T22:25:17+11:00,127.0.0.1,18,
2016-10-20T22:25:17+11:00,127.0.0.1,6,
2016-10-20T22:25:17+11:00,127.0.0.1,58,
2016-10-20T22:25:17+11:00,127.0.0.1,6,
2016-10-21T20:44:12+11:00,192.168.1.184,50,
2016-10-21T20:44:12+11:00,192.168.1.184,50,
2016-10-21T20:44:12+11:00,192.168.1.184,50,
2016-10-21T20:44:12+11:00,192.168.1.184,1337,
2016-10-21T20:44:12+11:00,127.0.0.1,6,
2016-10-21T20:44:12+11:00,192.168.1.184,1337,
2016-10-21T20:44:12+11:00,192.168.1.184,1326,
2016-10-21T20:44:12+11:00,192.168.1.184,1337,
2016-10-21T20:44:12+11:00,192.168.1.184,1337,
2016-10-21T20:44:12+11:00,192.168.1.184,1326,
2016-10-21T20:44:15+11:00,192.168.1.184,50,
2016-10-21T20:44:15+11:00,192.168.1.184,1337,
2016-10-21T20:44:15+11:00,192.168.1.184,1337,
2016-10-21T20:44:15+11:00,192.168.1.184,1326,
2016-10-21T20:44:15+11:00,192.168.1.184,50,
2016-10-21T20:44:15+11:00,192.168.1.184,50,
2016-10-21T20:44:15+11:00,127.0.0.1,6,
2016-10-21T20:44:15+11:00,127.0.0.1,15,
2016-10-21T20:44:15+11:00,127.0.0.1,6,
2016-10-21T20:44:15+11:00,127.0.0.1,15,
2016-10-21T20:44:15+11:00,127.0.0.1,6,
2016-10-21T20:44:15+11:00,127.0.0.1,18,
2016-10-21T20:44:15+11:00,127.0.0.1,6,
2016-10-21T20:44:15+11:00,192.168.1.184,1337,
2016-10-21T20:44:15+11:00,192.168.1.184,1337,
2016-10-21T20:44:15+11:00,192.168.1.184,1326,
2016-10-21T20:44:15+11:00,127.0.0.1,58,
